******************************************************************************
                  TI ARM Linker PC v16.9.6                     
******************************************************************************
>> Linked Sat Jun 25 11:35:16 2022

OUTPUT FILE NAME:   <FinalBoss.out>
ENTRY POINT SYMBOL: "_c_int00"  address: 000042c1


MEMORY CONFIGURATION

         name            origin    length      used     unused   attr    fill
----------------------  --------  ---------  --------  --------  ----  --------
  FLASH                 00000000   00100000  0000809c  000f7f64  R  X
  SRAM                  20000000   00040000  00001f6c  0003e094  RW X


SEGMENT ALLOCATION MAP

run origin  load origin   length   init length attrs members
----------  ----------- ---------- ----------- ----- -------
00000000    00000000    000080a8   000080a8    r-x
  00000000    00000000    0000003c   0000003c    r-- .resetVecs
  00000040    00000040    00005baa   00005baa    r-x .text
  00005bec    00005bec    000022a6   000022a6    r-- .const
  00007e98    00007e98    00000210   00000210    r-- .cinit
20000000    20000000    00001f6c   00000000    rw-
  20000000    20000000    00000360   00000000    rw- .vecs
  20000360    20000360    000014e4   00000000    rw- .bss
  20001844    20001844    00000428   00000000    rw- .data
  20001c6c    20001c6c    00000300   00000000    rw- .stack


SECTION ALLOCATION MAP

 output                                  attributes/
section   page    origin      length       input sections
--------  ----  ----------  ----------   ----------------
.text      0    00000040    00005baa     
                  00000040    00000430     sysbios.aem4f : BIOS.obj (.text:ti_sysbios_family_arm_m3_Hwi_excDumpRegs__I)
                  00000470    0000034c     ti.targets.arm.rtsarm.aem4f : System.oem4f (.text:xdc_runtime_System_doPrint__I)
                  000007bc    00000004     empty_pem4f.oem4f (.text:ti_sysbios_BIOS_RtsGateProxy_enter__E)
                  000007c0    000002c8     sysbios.aem4f : BIOS.obj (.text:ti_sysbios_knl_Semaphore_pend__E)
                  00000a88    00000258                   : BIOS.obj (.text:ti_sysbios_heaps_HeapMem_free__E)
                  00000ce0    00000248                   : BIOS.obj (.text:ti_sysbios_heaps_HeapMem_alloc__E)
                  00000f28    00000224                   : BIOS.obj (.text:ti_sysbios_knl_Task_Instance_finalize__E)
                  0000114c    00000204     Boot.aem4f : Boot_sysctl.oem4f (.text:ti_catalog_arm_cortexm4_tiva_ce_Boot_sysCtlClockFreqSetI__I)
                  00001350    00000200     driverlib.lib : sysctl.obj (.text:SysCtlClockFreqSet)
                  00001550    000001fc     sysbios.aem4f : BIOS.obj (.text:ti_sysbios_family_arm_m3_Hwi_excHandlerMax__I)
                  0000174c    00000004     empty_pem4f.oem4f (.text:ti_sysbios_BIOS_RtsGateProxy_leave__E)
                  00001750    000001f0     sysbios.aem4f : BIOS.obj (.text:ti_sysbios_knl_Task_sleep__E)
                  00001940    000001c0                   : BIOS.obj (.text:ti_sysbios_knl_Task_Instance_init__E)
                  00001b00    00000174                   : BIOS.obj (.text:ti_sysbios_family_arm_m3_Hwi_excBusFault__I)
                  00001c74    00000004                   : BIOS.obj (.text:ti_sysbios_family_arm_lm4_Timer_masterEnable__I)
                  00001c78    00000164                   : BIOS.obj (.text:ti_sysbios_family_arm_m3_Hwi_excUsageFault__I)
                  00001ddc    00000150     drivers_tivaware.aem4f : GPIOTiva.oem4f (.text:GPIO_setConfig)
                  00001f2c    00000004     empty_pem4f.oem4f (.text:ti_sysbios_family_arm_m3_TaskSupport_Module__startupDone__S)
                  00001f30    00000148     sysbios.aem4f : BIOS.obj (.text:ti_sysbios_family_arm_m3_Hwi_excMemFault__I)
                  00002078    0000013c                   : BIOS.obj (.text:ti_sysbios_heaps_HeapMem_Instance_init__E)
                  000021b4    00000004     empty_pem4f.oem4f (.text:ti_sysbios_heaps_HeapMem_Module_GateProxy_enter__E)
                  000021b8    00000134     sysbios.aem4f : BIOS.obj (.text:ti_sysbios_family_arm_lm4_Timer_start__E)
                  000022ec    00000132     driverlib.lib : gpio.obj (.text:GPIOPadConfigSet)
                  0000241e    00000002     rtsv7M4_T_le_v4SPD16_eabi.lib : i_div0.obj (.text)
                  00002420    00000124     empty.obj (.text:SpiSend)
                  00002544    00000120     empty.obj (.text:heartBeatFxn)
                  00002664    00000118     ti.targets.arm.rtsarm.aem4f : Error.oem4f (.text:xdc_runtime_Error_policyDefault__E)
                  0000277c    00000110     empty.obj (.text:main)
                  0000288c    00000100     ti.targets.arm.rtsarm.aem4f : Core-mem.oem4f (.text:xdc_runtime_Core_createObject__I)
                  0000298c    000000f8                                 : Startup.oem4f (.text:xdc_runtime_Startup_startMods__I)
                  00002a84    000000f8     empty_pem4f.oem4f (.text:xdc_runtime_System_printfExtend__I)
                  00002b7c    000000f4     sysbios.aem4f : m3_Hwi_asm.obj (.text:ti_sysbios_family_arm_m3_Hwi_dispatch__I)
                  00002c70    000000ec                   : BIOS.obj (.text:ti_sysbios_knl_Semaphore_post__E)
                  00002d5c    000000cc     ti.targets.arm.rtsarm.aem4f : Core-smem.oem4f (.text:xdc_runtime_Core_constructObject__I)
                  00002e28    000000bc     sysbios.aem4f : BIOS.obj (.text:ti_sysbios_family_arm_m3_Hwi_excDebugMon__I)
                  00002ee4    00000004     empty_pem4f.oem4f (.text:ti_sysbios_heaps_HeapMem_Module_GateProxy_leave__E)
                  00002ee8    000000bc     sysbios.aem4f : BIOS.obj (.text:ti_sysbios_family_arm_m3_Hwi_excHardFault__I)
                  00002fa4    000000b8     EK_TM4C129EXL.obj (.text:EK_TM4C129EXL_initGeneral)
                  0000305c    00000004     empty_pem4f.oem4f (.text:ti_sysbios_knl_Clock_TimerProxy_getMaxTicks__E)
                  00003060    000000b4     sysbios.aem4f : BIOS.obj (.text:ti_sysbios_gates_GateMutex_enter__E)
                  00003114    00000004     empty_pem4f.oem4f (.text:ti_sysbios_knl_Queue_destruct)
                  00003118    000000b4     sysbios.aem4f : BIOS.obj (.text:ti_sysbios_knl_Task_checkStacks__E)
                  000031cc    00000004     empty_pem4f.oem4f (.text:ti_sysbios_knl_Semaphore_destruct)
                  000031d0    000000ac     sysbios.aem4f : BIOS.obj (.text:ti_sysbios_family_arm_lm4_Timer_enableTiva__I)
                  0000327c    00000004     ti.targets.arm.rtsarm.aem4f : Error.oem4f (.text:xdc_runtime_Error_getSite__E)
                  00003280    000000a8     sysbios.aem4f : BIOS.obj (.text:ti_sysbios_family_arm_lm4_Timer_enableTimers__I)
                  00003328    000000a8                   : BIOS.obj (.text:ti_sysbios_knl_Task_postInit__I)
                  000033d0    000000a0     auto_init.aem4f : auto_init.oem4f (.text)
                  00003470    000000a0     ti.targets.arm.rtsarm.aem4f : Text.oem4f (.text:xdc_runtime_Text_putMod__E)
                  00003510    0000009c     rtsv7M4_T_le_v4SPD16_eabi.lib : memcpy_t2.obj (.text)
                  000035ac    00000004     empty_pem4f.oem4f (.text:xdc_runtime_System_Module_GateProxy_enter__E)
                  000035b0    0000009c     sysbios.aem4f : BIOS.obj (.text:ti_sysbios_knl_Semaphore_Instance_init__E)
                  0000364c    0000009a     ti.targets.arm.rtsarm.aem4f : Text.oem4f (.text:xdc_runtime_Text_putSite__E)
                  000036e6    00000002     empty_pem4f.oem4f (.text:ti_sysbios_BIOS_nullFunc__I)
                  000036e8    00000098     Boot.aem4f : Boot.oem4f (.text:ti_catalog_arm_cortexm4_tiva_ce_Boot_sysCtlClockFreqSet__E)
                  00003780    00000094     sysbios.aem4f : BIOS.obj (.text:ti_sysbios_family_arm_m3_Hwi_Instance_init__E)
                  00003814    00000004     empty_pem4f.oem4f (.text:xdc_runtime_System_Module_GateProxy_leave__E)
                  00003818    00000094     sysbios.aem4f : BIOS.obj (.text:ti_sysbios_family_arm_m3_Hwi_initNVIC__E)
                  000038ac    0000008c     drivers_tivaware.aem4f : GPIOTiva.oem4f (.text:GPIO_init)
                  00003938    0000008c     sysbios.aem4f : m3_TaskSupport_asm.obj (.text:ti_sysbios_family_arm_m3_TaskSupport_buildTaskStack)
                  000039c4    00000004     ti.targets.arm.rtsarm.aem4f : System.oem4f (.text:xdc_runtime_System_aprintf_va__F)
                  000039c8    00000084     sysbios.aem4f : BIOS.obj (.text:ti_sysbios_family_arm_m3_Hwi_postInit__I)
                  00003a4c    0000007a     rtsv7M4_T_le_v4SPD16_eabi.lib : memset_t2.obj (.text)
                  00003ac6    00000002     empty_pem4f.oem4f (.text:xdc_runtime_Startup_reset__I)
                  00003ac8    00000070     sysbios.aem4f : BIOS.obj (.text:ti_sysbios_knl_Clock_workFunc__E)
                  00003b38    00000070                   : BIOS.obj (.text:ti_sysbios_knl_Task_exit__E)
                  00003ba8    0000006d     ti.targets.arm.rtsarm.aem4f : System.oem4f (.text:xdc_runtime_System_formatNum__I)
                  00003c15    00000003     --HOLE-- [fill = 0]
                  00003c18    0000006c     sysbios.aem4f : BIOS.obj (.text:ti_sysbios_knl_Swi_restoreHwi__E)
                  00003c84    0000006c     ti.targets.arm.rtsarm.aem4f : Error.oem4f (.text:xdc_runtime_Error_print__E)
                  00003cf0    0000006c                                 : Memory.oem4f (.text:xdc_runtime_Memory_alloc__E)
                  00003d5c    00000068     rtsv7M4_T_le_v4SPD16_eabi.lib : copy_decompress_lzss.obj (.text:decompress:lzss)
                  00003dc4    00000068                                   : trgmsg.obj (.text)
                  00003e2c    00000066     ti.targets.arm.rtsarm.aem4f : Core-mem.oem4f (.text:xdc_runtime_Core_deleteObject__I)
                  00003e92    00000002     --HOLE-- [fill = 0]
                  00003e94    00000064     drivers_tivaware.aem4f : GPIOTiva.oem4f (.text:GPIO_hwiIntFxn)
                  00003ef8    00000064     sysbios.aem4f : BIOS.obj (.text:ti_sysbios_family_arm_lm4_Timer_Module_startup__E)
                  00003f5c    00000064     empty_pem4f.oem4f (.text:ti_sysbios_family_arm_m3_Hwi_create)
                  00003fc0    00000064     sysbios.aem4f : BIOS.obj (.text:ti_sysbios_family_arm_m3_Hwi_dispatchC__I)
                  00004024    00000004     ti.targets.arm.rtsarm.aem4f : System.oem4f (.text:xdc_runtime_System_printf_va__F)
                  00004028    00000060     sysbios.aem4f : BIOS.obj (.text:ti_sysbios_family_arm_lm4_Timer_isrStub__E)
                  00004088    00000060                   : BIOS.obj (.text:ti_sysbios_knl_Task_schedule__I)
                  000040e8    0000005c                   : BIOS.obj (.text:ti_sysbios_knl_Swi_run__I)
                  00004144    00000004     --HOLE-- [fill = 0]
                  00004148    0000005c                   : BIOS.obj (.text:ti_sysbios_knl_Swi_schedule__I)
                  000041a4    00000004     --HOLE-- [fill = 0]
                  000041a8    0000005c                   : BIOS.obj (.text:ti_sysbios_knl_Task_Module_startup__E)
                  00004204    00000004     --HOLE-- [fill = 0]
                  00004208    0000005c                   : BIOS.obj (.text:ti_sysbios_knl_Task_startCore__E)
                  00004264    0000005b     ti.targets.arm.rtsarm.aem4f : Text.oem4f (.text:xdc_runtime_Text_putLab__E)
                  000042bf    00000001     --HOLE-- [fill = 0]
                  000042c0    00000058     boot.aem4f : boot.oem4f (.text)
                  00004318    00000058     rtsv7M4_T_le_v4SPD16_eabi.lib : hostwrite.obj (.text)
                  00004370    00000058     sysbios.aem4f : m3_Hwi_asm_switch.obj (.text:ti_sysbios_family_arm_m3_Hwi_initStacks__E)
                  000043c8    00000056     driverlib.lib : gpio.obj (.text:GPIOIntTypeSet)
                  0000441e    00000002     --HOLE-- [fill = 0]
                  00004420    00000054     empty.obj (.text:DisplayInit)
                  00004474    00000054     rtsv7M4_T_le_v4SPD16_eabi.lib : exit.obj (.text)
                  000044c8    00000054     empty_pem4f.oem4f (.text:ti_sysbios_knl_Task_construct)
                  0000451c    00000054     ti.targets.arm.rtsarm.aem4f : Assert.oem4f (.text:xdc_runtime_Assert_raise__I)
                  00004570    00000050     drivers_tivaware.aem4f : GPIOTiva.oem4f (.text:GPIO_setCallback)
                  000045c0    00000050                            : GPIOTiva.oem4f (.text:GPIO_toggle)
                  00004610    00000050     Boot.aem4f : Boot_sysctl.oem4f (.text:_SysCtlFrequencyGet)
                  00004660    00000050     sysbios.aem4f : BIOS.obj (.text:ti_sysbios_family_arm_m3_Hwi_Module_startup__E)
                  000046b0    00000050     ti.targets.arm.rtsarm.aem4f : Startup.oem4f (.text:xdc_runtime_Startup_exec__E)
                  00004700    00000050                                 : Text.oem4f (.text:xdc_runtime_Text_visitRope2__I)
                  00004750    0000004c     rtsv7M4_T_le_v4SPD16_eabi.lib : cpy_tbl.obj (.text)
                  0000479c    00000004     --HOLE-- [fill = 0]
                  000047a0    0000004c     sysbios.aem4f : BIOS.obj (.text:ti_sysbios_heaps_HeapMem_getStats__E)
                  000047ec    00000004     --HOLE-- [fill = 0]
                  000047f0    0000004c                   : BIOS.obj (.text:ti_sysbios_knl_Swi_runLoop__I)
                  0000483c    00000004     --HOLE-- [fill = 0]
                  00004840    0000004c                   : BIOS.obj (.text:ti_sysbios_knl_Task_allBlockedFunction__I)
                  0000488c    00000048     driverlib.lib : sysctl.obj (.text:_SysCtlFrequencyGet)
                  000048d4    00000004     --HOLE-- [fill = 0]
                  000048d8    00000048     sysbios.aem4f : BIOS.obj (.text:ti_sysbios_family_arm_m3_Hwi_disableInterrupt__E)
                  00004920    00000048                   : BIOS.obj (.text:ti_sysbios_family_arm_m3_Hwi_enableInterrupt__E)
                  00004968    00000048                   : BIOS.obj (.text:ti_sysbios_family_arm_m3_Hwi_excReserved__I)
                  000049b0    00000046     ti.targets.arm.rtsarm.aem4f : Core-params.oem4f (.text:xdc_runtime_Core_assignParams__I)
                  000049f6    00000002     --HOLE-- [fill = 0]
                  000049f8    00000044     sysbios.aem4f : BIOS.obj (.text:ti_sysbios_family_arm_m3_Hwi_getStackInfo__E)
                  00004a3c    00000004     --HOLE-- [fill = 0]
                  00004a40    00000044                   : BIOS.obj (.text:ti_sysbios_knl_Swi_post__E)
                  00004a84    00000044     ti.targets.arm.rtsarm.aem4f : Error.oem4f (.text:xdc_runtime_Error_setX__E)
                  00004ac8    00000044                                 : SysMin.oem4f (.text:xdc_runtime_SysMin_flush__E)
                  00004b0c    00000044                                 : Text.oem4f (.text:xdc_runtime_Text_xprintf__I)
                  00004b50    00000040     rtsv7M4_T_le_v4SPD16_eabi.lib : u_divt2.obj (.text)
                  00004b90    00000040     sysbios.aem4f : BIOS.obj (.text:ti_sysbios_family_arm_lm4_Timer_startup__E)
                  00004bd0    0000003c                   : BIOS.obj (.text:ti_sysbios_family_arm_m3_Hwi_excSvCall__I)
                  00004c0c    00000004     --HOLE-- [fill = 0]
                  00004c10    0000003c                   : BIOS.obj (.text:ti_sysbios_heaps_HeapMem_init__I)
                  00004c4c    00000004     --HOLE-- [fill = 0]
                  00004c50    0000003c                   : BIOS.obj (.text:ti_sysbios_knl_Swi_restore__E)
                  00004c8c    00000038     empty.obj (.text:tarea2)
                  00004cc4    00000038     empty.obj (.text:tarea3)
                  00004cfc    00000004     --HOLE-- [fill = 0]
                  00004d00    00000038     sysbios.aem4f : BIOS.obj (.text:ti_sysbios_family_arm_m3_Hwi_excNoIsr__I)
                  00004d38    00000038                   : BIOS.obj (.text:ti_sysbios_knl_Task_processVitalTaskFlag__I)
                  00004d70    00000038     ti.targets.arm.rtsarm.aem4f : SysMin.oem4f (.text:xdc_runtime_SysMin_putch__E)
                  00004da8    00000038                                 : System.oem4f (.text:xdc_runtime_System_atexit__E)
                  00004de0    00000034     driverlib.lib : sysctl.obj (.text:SysCtlPeripheralEnable)
                  00004e14    00000004     --HOLE-- [fill = 0]
                  00004e18    00000034     sysbios.aem4f : BIOS.obj (.text:ti_sysbios_family_arm_m3_Hwi_Instance_finalize__E)
                  00004e4c    00000004     --HOLE-- [fill = 0]
                  00004e50    00000034                   : BIOS.obj (.text:ti_sysbios_family_arm_m3_Hwi_excNmi__I)
                  00004e84    00000004     --HOLE-- [fill = 0]
                  00004e88    00000034                   : BIOS.obj (.text:ti_sysbios_hal_Hwi_checkStack)
                  00004ebc    00000034     ti.targets.arm.rtsarm.aem4f : Core-label.oem4f (.text:xdc_runtime_Core_assignLabel__I)
                  00004ef0    00000033                                 : Text.oem4f (.text:xdc_runtime_Text_printVisFxn__I)
                  00004f23    00000005     --HOLE-- [fill = 0]
                  00004f28    00000032     sysbios.aem4f : BIOS.obj (.text:ti_sysbios_hal_Hwi_initStack)
                  00004f5a    00000002     --HOLE-- [fill = 0]
                  00004f5c    00000030     empty_pem4f.oem4f (.text:ti_sysbios_BIOS_atExitFunc__I)
                  00004f8c    00000004     --HOLE-- [fill = 0]
                  00004f90    00000030     sysbios.aem4f : BIOS.obj (.text:ti_sysbios_family_arm_lm4_Timer_stop__E)
                  00004fc0    00000030                   : BIOS.obj (.text:ti_sysbios_family_arm_m3_TaskSupport_start__E)
                  00004ff0    00000030     empty_pem4f.oem4f (.text:ti_sysbios_gates_GateHwi_Object__create__S)
                  00005020    00000030     empty_pem4f.oem4f (.text:ti_sysbios_gates_GateMutex_Object__create__S)
                  00005050    00000030     empty_pem4f.oem4f (.text:ti_sysbios_heaps_HeapMem_Object__create__S)
                  00005080    00000030     empty_pem4f.oem4f (.text:ti_sysbios_knl_Semaphore_construct)
                  000050b0    00000030     sysbios.aem4f : BIOS.obj (.text:ti_sysbios_knl_Semaphore_pendTimeout__I)
                  000050e0    00000030                   : BIOS.obj (.text:ti_sysbios_knl_Task_unblockI__E)
                  00005110    00000030     ti.targets.arm.rtsarm.aem4f : SysMin.oem4f (.text:xdc_runtime_SysMin_abort__E)
                  00005140    00000030                                 : System.oem4f (.text:xdc_runtime_System_processAtExit__E)
                  00005170    0000002c     empty_pem4f.oem4f (.text:ti_sysbios_knl_Clock_doTick__I)
                  0000519c    0000002c     empty_pem4f.oem4f (.text:ti_sysbios_knl_Queue_construct)
                  000051c8    0000002c     sysbios.aem4f : BIOS.obj (.text:ti_sysbios_knl_Task_restore__E)
                  000051f4    0000002c     ti.targets.arm.rtsarm.aem4f : Text.oem4f (.text:xdc_runtime_Text_cordText__E)
                  00005220    0000002a     driverlib.lib : gpio.obj (.text:GPIODirModeSet)
                  0000524a    0000002a     ti.targets.arm.rtsarm.aem4f : System.oem4f (.text:xdc_runtime_System_putchar__I)
                  00005274    00000004     --HOLE-- [fill = 0]
                  00005278    00000028     sysbios.aem4f : BIOS.obj (.text:ti_sysbios_knl_Swi_Module_startup__E)
                  000052a0    00000026                   : m3_Hwi_asm.obj (.text:ti_sysbios_family_arm_m3_Hwi_pendSV__I)
                  000052c6    00000026     ti.targets.arm.rtsarm.aem4f : System.oem4f (.text:xdc_runtime_System_avprintf__E)
                  000052ec    00000024     empty_pem4f.oem4f (.text:ti_sysbios_BIOS_errorRaiseHook__I)
                  00005310    00000024     empty_pem4f.oem4f (.text:ti_sysbios_BIOS_registerRTSLock__I)
                  00005334    00000024     empty_pem4f.oem4f (.text:ti_sysbios_BIOS_removeRTSLock__I)
                  00005358    00000024     empty_pem4f.oem4f (.text:ti_sysbios_BIOS_startFunc__I)
                  0000537c    00000024     empty_pem4f.oem4f (.text:ti_sysbios_gates_GateMutex_Object__delete__S)
                  000053a0    00000024     sysbios.aem4f : BIOS.obj (.text:ti_sysbios_knl_Clock_Module_startup__E)
                  000053c4    00000004     --HOLE-- [fill = 0]
                  000053c8    00000024                   : BIOS.obj (.text:ti_sysbios_knl_Task_restoreHwi__E)
                  000053ec    00000024     ti.targets.arm.rtsarm.aem4f : System.oem4f (.text:xdc_runtime_System_vprintf__E)
                  00005410    00000022     sysbios.aem4f : BIOS.obj (.text:ti_sysbios_family_arm_lm4_Timer_write__I)
                  00005432    00000022     empty_pem4f.oem4f (.text:xdc_runtime_SysMin_output__I)
                  00005454    00000020     Boot.aem4f : Boot_sysctl.oem4f (.text:_SysCtlMemTimingGet)
                  00005474    00000020     driverlib.lib : sysctl.obj (.text:_SysCtlMemTimingGet)
                  00005494    00000020     empty_pem4f.oem4f (.text:ti_sysbios_BIOS_rtsLock__I)
                  000054b4    00000020     sysbios.aem4f : m3_Hwi_asm.obj (.text:ti_sysbios_family_arm_m3_Hwi_excHandlerAsm__I)
                  000054d4    00000004     --HOLE-- [fill = 0]
                  000054d8    00000020                   : BIOS.obj (.text:ti_sysbios_family_arm_m3_Hwi_excHandler__I)
                  000054f8    00000020     empty_pem4f.oem4f (.text:ti_sysbios_gates_GateHwi_Object__delete__S)
                  00005518    00000020     empty_pem4f.oem4f (.text:ti_sysbios_heaps_HeapMem_Object__delete__S)
                  00005538    00000020     sysbios.aem4f : BIOS.obj (.text:ti_sysbios_knl_Idle_run__E)
                  00005558    00000020     empty_pem4f.oem4f (.text:ti_sysbios_knl_Semaphore_Object__destruct__S)
                  00005578    00000020     ti.targets.arm.rtsarm.aem4f : Registry.oem4f (.text:xdc_runtime_Registry_findById__E)
                  00005598    00000020                                 : SysMin.oem4f (.text:xdc_runtime_SysMin_Module_startup__E)
                  000055b8    0000001e     sysbios.aem4f : m3_Hwi_asm_switch.obj (.text:ti_sysbios_family_xxx_Hwi_switchAndRunFunc)
                  000055d6    0000001c     drivers_tivaware.aem4f : GPIOTiva.oem4f (.text:getGpioIntIndex)
                  000055f2    00000006     driverlib.lib : gpio.obj (.text:GPIOIntClear)
                  000055f8    0000001c     sysbios.aem4f : BIOS.obj (.text:ti_sysbios_gates_GateMutex_Instance_init__E)
                  00005614    0000001c     empty_pem4f.oem4f (.text:ti_sysbios_knl_Queue_Object__destruct__S)
                  00005630    0000001c     sysbios.aem4f : BIOS.obj (.text:ti_sysbios_knl_Task_enter__I)
                  0000564c    0000001c     ti.targets.arm.rtsarm.aem4f : Error.oem4f (.text:xdc_runtime_Error_raiseX__E)
                  00005668    0000001c                                 : Memory.oem4f (.text:xdc_runtime_Memory_valloc__E)
                  00005684    0000001c                                 : SysMin.oem4f (.text:xdc_runtime_SysMin_exit__E)
                  000056a0    0000001c                                 : System.oem4f (.text:xdc_runtime_System_abort__E)
                  000056bc    0000001a     empty_pem4f.oem4f (.text:ti_sysbios_family_arm_m3_Hwi_Handle__label__S)
                  000056d6    0000001a     empty_pem4f.oem4f (.text:ti_sysbios_gates_GateHwi_Handle__label__S)
                  000056f0    0000001a     empty_pem4f.oem4f (.text:ti_sysbios_gates_GateMutex_Handle__label__S)
                  0000570a    0000001a     empty_pem4f.oem4f (.text:ti_sysbios_heaps_HeapMem_Handle__label__S)
                  00005724    0000001a     empty_pem4f.oem4f (.text:ti_sysbios_knl_Swi_Handle__label__S)
                  0000573e    0000001a     empty_pem4f.oem4f (.text:ti_sysbios_knl_Task_Handle__label__S)
                  00005758    0000001a     empty_pem4f.oem4f (.text:xdc_runtime_System_aprintf__E)
                  00005772    0000001a     empty_pem4f.oem4f (.text:xdc_runtime_System_printf__E)
                  0000578c    00000018     driverlib.lib : gpio.obj (.text:GPIOPinTypeGPIOOutput)
                  000057a4    00000018     rtsv7M4_T_le_v4SPD16_eabi.lib : args_main.obj (.text)
                  000057bc    00000018     empty_pem4f.oem4f (.text:ti_sysbios_BIOS_rtsUnlock__I)
                  000057d4    00000018     empty_pem4f.oem4f (.text:ti_sysbios_family_arm_lm4_Timer_Module__startupDone__F)
                  000057ec    00000018     empty_pem4f.oem4f (.text:ti_sysbios_family_arm_m3_Hwi_Module__startupDone__F)
                  00005804    00000018     sysbios.aem4f : m3_TaskSupport_asm.obj (.text:ti_sysbios_family_arm_m3_TaskSupport_swap__E)
                  0000581c    00000004     --HOLE-- [fill = 0]
                  00005820    00000018                   : BIOS.obj (.text:ti_sysbios_gates_GateMutex_leave__E)
                  00005838    00000018                   : BIOS.obj (.text:ti_sysbios_knl_Task_sleepTimeout__I)
                  00005850    00000018     ti.targets.arm.rtsarm.aem4f : Error.oem4f (.text:xdc_runtime_Error_check__E)
                  00005868    00000018                                 : System.oem4f (.text:xdc_runtime_System_exit__E)
                  00005880    00000018                                 : Text.oem4f (.text:xdc_runtime_Text_ropeText__E)
                  00005898    00000016     empty_pem4f.oem4f (.text:ti_sysbios_BIOS_exitFunc__I)
                  000058ae    00000016     empty.obj (.text:ti_sysbios_knl_Task_Params_init)
                  000058c4    00000014     rtsv7M4_T_le_v4SPD16_eabi.lib : _lock.obj (.text)
                  000058d8    00000014                                   : strlen.obj (.text)
                  000058ec    00000014     empty.obj (.text:tarea1)
                  00005900    00000014     empty_pem4f.oem4f (.text:ti_sysbios_family_arm_m3_Hwi_Object__get__S)
                  00005914    00000004     --HOLE-- [fill = 0]
                  00005918    00000014     sysbios.aem4f : BIOS.obj (.text:ti_sysbios_family_arm_m3_Hwi_switchFromBootStack__E)
                  0000592c    00000014     empty_pem4f.oem4f (.text:ti_sysbios_heaps_HeapMem_Object__get__S)
                  00005940    00000014     empty_pem4f.oem4f (.text:ti_sysbios_knl_Swi_Object__get__S)
                  00005954    00000004     --HOLE-- [fill = 0]
                  00005958    00000012     sysbios.aem4f : BIOS.obj (.text:ti_sysbios_hal_Hwi_Module_startup__E)
                  0000596a    00000012     empty_pem4f.oem4f (.text:xdc_runtime_Startup_exec__I)
                  0000597c    00000010     empty_pem4f.oem4f (.text:.bootCodeSection:ti_catalog_arm_cortexm4_tiva_ce_Boot_init__I)
                  0000598c    00000004     --HOLE-- [fill = 0]
                  00005990    00000010     sysbios.aem4f : BIOS.obj (.text:ti_sysbios_BIOS_setThreadType__E)
                  000059a0    00000010                   : BIOS.obj (.text:ti_sysbios_BIOS_start__E)
                  000059b0    00000010                   : m3_TaskSupport_asm.obj (.text:ti_sysbios_family_arm_m3_TaskSupport_glue)
                  000059c0    00000010                   : BIOS.obj (.text:ti_sysbios_gates_GateMutex_Instance_finalize__E)
                  000059d0    00000010                   : BIOS.obj (.text:ti_sysbios_knl_Semaphore_Instance_finalize__E)
                  000059e0    00000010                   : BIOS.obj (.text:ti_sysbios_knl_Swi_disable__E)
                  000059f0    00000010     empty_pem4f.oem4f (.text:ti_sysbios_knl_Task_Object__get__S)
                  00005a00    00000010     sysbios.aem4f : BIOS.obj (.text:ti_sysbios_knl_Task_disable__E)
                  00005a10    00000010     ti.targets.arm.rtsarm.aem4f : Gate.oem4f (.text:xdc_runtime_Gate_leaveSystem__E)
                  00005a20    00000010                                 : Memory.oem4f (.text:xdc_runtime_Memory_free__E)
                  00005a30    00000010                                 : SysMin.oem4f (.text:xdc_runtime_SysMin_ready__E)
                  00005a40    00000010                                 : System.oem4f (.text:xdc_runtime_System_vsnprintf__E)
                  00005a50    00000010     empty_pem4f.oem4f (.text:xdc_runtime_Text_visitRope__I)
                  00005a60    0000000e     driverlib.lib : gpio.obj (.text:GPIOIntStatus)
                  00005a6e    0000000e     rtsv7M4_T_le_v4SPD16_eabi.lib : copy_decompress_none.obj (.text:decompress:none)
                  00005a7c    00000004     --HOLE-- [fill = 0]
                  00005a80    0000000e     sysbios.aem4f : BIOS.obj (.text:ti_sysbios_knl_Idle_loop__E)
                  00005a8e    00000002     --HOLE-- [fill = 0]
                  00005a90    0000000e                   : BIOS.obj (.text:ti_sysbios_knl_Queue_empty__E)
                  00005a9e    0000000c     rtsv7M4_T_le_v4SPD16_eabi.lib : copy_zero_init.obj (.text:decompress:ZI)
                  00005aaa    00000006     driverlib.lib : gpio.obj (.text:GPIOPinRead)
                  00005ab0    0000000c     sysbios.aem4f : BIOS.obj (.text:ti_sysbios_family_arm_lm4_Timer_getMaxTicks__E)
                  00005abc    0000000c     empty_pem4f.oem4f (.text:ti_sysbios_family_arm_m3_Hwi_Params__init__S)
                  00005ac8    0000000c     sysbios.aem4f : BIOS.obj (.text:ti_sysbios_family_arm_m3_Hwi_disableFxn__E)
                  00005ad4    00000004     --HOLE-- [fill = 0]
                  00005ad8    0000000c                   : BIOS.obj (.text:ti_sysbios_family_arm_m3_TaskSupport_checkStack__E)
                  00005ae4    00000004     --HOLE-- [fill = 0]
                  00005ae8    0000000c                   : BIOS.obj (.text:ti_sysbios_family_arm_m3_TaskSupport_getStackAlignment__E)
                  00005af4    00000004     --HOLE-- [fill = 0]
                  00005af8    0000000c                   : BIOS.obj (.text:ti_sysbios_gates_GateHwi_enter__E)
                  00005b04    0000000c     empty_pem4f.oem4f (.text:ti_sysbios_knl_Queue_Object__get__S)
                  00005b10    0000000c     empty_pem4f.oem4f (.text:ti_sysbios_knl_Task_Params__init__S)
                  00005b1c    0000000c     ti.targets.arm.rtsarm.aem4f : Error.oem4f (.text:xdc_runtime_Error_init__E)
                  00005b28    0000000c                                 : Gate.oem4f (.text:xdc_runtime_Gate_enterSystem__E)
                  00005b34    0000000c                                 : Memory.oem4f (.text:xdc_runtime_Memory_calloc__E)
                  00005b40    0000000c                                 : Memory.oem4f (.text:xdc_runtime_Memory_getMaxDefaultTypeAlign__E)
                  00005b4c    0000000a     empty_pem4f.oem4f (.text:xdc_runtime_IHeap_alloc)
                  00005b56    0000000a     empty_pem4f.oem4f (.text:xdc_runtime_IHeap_free)
                  00005b60    00000008     EK_TM4C129EXL.obj (.text:EK_TM4C129EXL_initGPIO)
                  00005b68    00000008     sysbios.aem4f : BIOS.obj (.text:ti_sysbios_family_arm_lm4_Timer_masterDisable__I)
                  00005b70    00000008                   : BIOS.obj (.text:ti_sysbios_family_arm_m3_Hwi_doSwiRestore__I)
                  00005b78    00000008                   : BIOS.obj (.text:ti_sysbios_family_arm_m3_Hwi_startup__E)
                  00005b80    00000006     driverlib.lib : gpio.obj (.text:GPIOPinWrite)
                  00005b86    00000006                   : sysctl.obj (.text:SysCtlDelay)
                  00005b8c    00000004     --HOLE-- [fill = 0]
                  00005b90    00000006     sysbios.aem4f : BIOS.obj (.text:ti_sysbios_family_arm_m3_Hwi_doTaskRestore__I)
                  00005b96    00000002     --HOLE-- [fill = 0]
                  00005b98    00000006                   : BIOS.obj (.text:ti_sysbios_family_arm_m3_Hwi_restoreFxn__E)
                  00005b9e    00000002     --HOLE-- [fill = 0]
                  00005ba0    00000006                   : BIOS.obj (.text:ti_sysbios_gates_GateHwi_leave__E)
                  00005ba6    00000002     --HOLE-- [fill = 0]
                  00005ba8    00000006                   : BIOS.obj (.text:ti_sysbios_heaps_HeapMem_isBlocking__E)
                  00005bae    00000002     --HOLE-- [fill = 0]
                  00005bb0    00000006                   : BIOS.obj (.text:ti_sysbios_knl_Queue_Instance_init__E)
                  00005bb6    00000002     --HOLE-- [fill = 0]
                  00005bb8    00000006                   : BIOS.obj (.text:ti_sysbios_knl_Swi_startup__E)
                  00005bbe    00000006     ti.targets.arm.rtsarm.aem4f : System.oem4f (.text:xdc_runtime_System_Module_startup__E)
                  00005bc4    00000004     --HOLE-- [fill = 0]
                  00005bc8    00000004     sysbios.aem4f : BIOS.obj (.text:ti_sysbios_gates_GateHwi_query__E)
                  00005bcc    00000004     --HOLE-- [fill = 0]
                  00005bd0    00000004                   : BIOS.obj (.text:ti_sysbios_gates_GateMutex_query__E)
                  00005bd4    00000004     --HOLE-- [fill = 0]
                  00005bd8    00000004                   : BIOS.obj (.text:ti_sysbios_knl_Task_startup__E)
                  00005bdc    00000004     --HOLE-- [fill = 0]
                  00005be0    00000002                   : BIOS.obj (.text:ti_sysbios_gates_GateHwi_Instance_init__E)
                  00005be2    00000006     --HOLE-- [fill = 0]
                  00005be8    00000002                   : BIOS.obj (.text:ti_sysbios_knl_Clock_logTick__E)

.const     0    00005bec    000022a6     
                  00005bec    00001861     empty_pem4f.oem4f (.const:xdc_runtime_Text_charTab__A)
                  0000744d    00000001     empty_pem4f.oem4f (.const:xdc_runtime_Error_policy__C)
                  0000744e    00000002     empty_pem4f.oem4f (.const:ti_catalog_arm_cortexm4_tiva_ce_Boot_Module__id__C)
                  00007450    000001b0     driverlib.lib : sysctl.obj (.const:g_pppui32XTALtoVCO)
                  00007600    00000120     Boot.aem4f : Boot_sysctl.oem4f (.const:g_pppui32XTALtoVCO)
                  00007720    000000bc     empty_pem4f.oem4f (.const:xdc_runtime_Text_nodeTab__A)
                  000077dc    0000006c     Boot.aem4f : Boot_sysctl.oem4f (.const:g_pui32Xtals)
                  00007848    0000006c     driverlib.lib : sysctl.obj (.const:g_pui32Xtals)
                  000078b4    00000054     drivers_tivaware.aem4f : GPIOTiva.oem4f (.const:.string)
                  00007908    00000048     empty_pem4f.oem4f (.const:.string)
                  00007950    00000048     drivers_tivaware.aem4f : GPIOTiva.oem4f (.const:gpioBaseAddresses)
                  00007998    0000003c     empty_pem4f.oem4f (.const:ti_sysbios_knl_Task_Object__PARAMS__C)
                  000079d4    00000030     Boot.aem4f : Boot_sysctl.oem4f (.const:g_sXTALtoMEMTIM)
                  00007a04    00000030     driverlib.lib : sysctl.obj (.const:g_sXTALtoMEMTIM)
                  00007a34    00000030     empty_pem4f.oem4f (.const:ti_sysbios_family_arm_m3_Hwi_Object__PARAMS__C)
                  00007a64    00000028     empty_pem4f.oem4f (.const:ti_sysbios_heaps_HeapMem_Module__FXNS__C)
                  00007a8c    00000024     empty_pem4f.oem4f (.const:ti_sysbios_gates_GateHwi_Module__FXNS__C)
                  00007ab0    00000024     empty_pem4f.oem4f (.const:ti_sysbios_gates_GateMutex_Module__FXNS__C)
                  00007ad4    00000024     empty_pem4f.oem4f (.const:ti_sysbios_heaps_HeapMem_Object__PARAMS__C)
                  00007af8    00000024     empty_pem4f.oem4f (.const:ti_sysbios_knl_Semaphore_Object__PARAMS__C)
                  00007b1c    00000020     empty_pem4f.oem4f (.const:ti_sysbios_family_arm_m3_Hwi_Object__DESC__C)
                  00007b3c    00000020     empty_pem4f.oem4f (.const:ti_sysbios_gates_GateHwi_Object__DESC__C)
                  00007b5c    00000020     empty_pem4f.oem4f (.const:ti_sysbios_gates_GateMutex_Object__DESC__C)
                  00007b7c    00000020     empty_pem4f.oem4f (.const:ti_sysbios_heaps_HeapMem_Object__DESC__C)
                  00007b9c    00000020     empty_pem4f.oem4f (.const:ti_sysbios_knl_Queue_Object__DESC__C)
                  00007bbc    00000020     empty_pem4f.oem4f (.const:ti_sysbios_knl_Semaphore_Object__DESC__C)
                  00007bdc    00000020     empty_pem4f.oem4f (.const:ti_sysbios_knl_Task_Object__DESC__C)
                  00007bfc    00000020     empty_pem4f.oem4f (.const:xdc_runtime_Startup_sfxnTab__A)
                  00007c1c    00000018     empty_pem4f.oem4f (.const:ti_sysbios_gates_GateHwi_Object__PARAMS__C)
                  00007c34    00000018     empty_pem4f.oem4f (.const:ti_sysbios_gates_GateMutex_Object__PARAMS__C)
                  00007c4c    00000018     empty_pem4f.oem4f (.const:ti_sysbios_knl_Queue_Object__PARAMS__C)
                  00007c64    00000014     EK_TM4C129EXL.obj (.const:GPIOTiva_config)
                  00007c78    00000014     empty_pem4f.oem4f (.const:xdc_runtime_Startup_firstFxns__A)
                  00007c8c    00000010     empty_pem4f.oem4f (.const:xdc_runtime_Startup_sfxnRts__A)
                  00007c9c    00000008     Boot.aem4f : Boot_sysctl.oem4f (.const)
                  00007ca4    00000008     driverlib.lib : sysctl.obj (.const)
                  00007cac    00000008     empty_pem4f.oem4f (.const:ti_sysbios_family_arm_m3_Hwi_excHookFuncs__A)
                  00007cb4    00000008     empty_pem4f.oem4f (.const:ti_sysbios_knl_Idle_funcList__C)
                  00007cbc    00000008     empty_pem4f.oem4f (.const:xdc_runtime_Startup_firstFxns__C)
                  00007cc4    00000008     empty_pem4f.oem4f (.const:xdc_runtime_Startup_lastFxns__C)
                  00007ccc    00000004     empty_pem4f.oem4f (.const:ti_catalog_arm_cortexm4_tiva_ce_Boot_A_mustNotUseEnhancedClockMode__C)
                  00007cd0    00000004     empty_pem4f.oem4f (.const:ti_catalog_arm_cortexm4_tiva_ce_Boot_Module__diagsEnabled__C)
                  00007cd4    00000004     empty_pem4f.oem4f (.const:ti_catalog_arm_cortexm4_tiva_ce_Boot_Module__diagsIncluded__C)
                  00007cd8    00000004     empty_pem4f.oem4f (.const:ti_catalog_arm_cortexm4_tiva_ce_Boot_Module__diagsMask__C)
                  00007cdc    00000004     empty_pem4f.oem4f (.const:ti_sysbios_family_arm_lm4_Timer_enableFunc__C)
                  00007ce0    00000004     empty_pem4f.oem4f (.const:ti_sysbios_family_arm_lm4_Timer_numTimerDevices__C)
                  00007ce4    00000004     empty_pem4f.oem4f (.const:ti_sysbios_family_arm_lm4_Timer_startupNeeded__C)
                  00007ce8    00000004     empty_pem4f.oem4f (.const:ti_sysbios_family_arm_m3_Hwi_E_NMI__C)
                  00007cec    00000004     empty_pem4f.oem4f (.const:ti_sysbios_family_arm_m3_Hwi_E_alreadyDefined__C)
                  00007cf0    00000004     empty_pem4f.oem4f (.const:ti_sysbios_family_arm_m3_Hwi_E_busFault__C)
                  00007cf4    00000004     empty_pem4f.oem4f (.const:ti_sysbios_family_arm_m3_Hwi_E_debugMon__C)
                  00007cf8    00000004     empty_pem4f.oem4f (.const:ti_sysbios_family_arm_m3_Hwi_E_hardFault__C)
                  00007cfc    00000004     empty_pem4f.oem4f (.const:ti_sysbios_family_arm_m3_Hwi_E_memFault__C)
                  00007d00    00000004     empty_pem4f.oem4f (.const:ti_sysbios_family_arm_m3_Hwi_E_noIsr__C)
                  00007d04    00000004     empty_pem4f.oem4f (.const:ti_sysbios_family_arm_m3_Hwi_E_reserved__C)
                  00007d08    00000004     empty_pem4f.oem4f (.const:ti_sysbios_family_arm_m3_Hwi_E_svCall__C)
                  00007d0c    00000004     empty_pem4f.oem4f (.const:ti_sysbios_family_arm_m3_Hwi_E_usageFault__C)
                  00007d10    00000004     empty_pem4f.oem4f (.const:ti_sysbios_family_arm_m3_Hwi_NUM_INTERRUPTS__C)
                  00007d14    00000004     empty_pem4f.oem4f (.const:ti_sysbios_family_arm_m3_Hwi_Object__count__C)
                  00007d18    00000004     empty_pem4f.oem4f (.const:ti_sysbios_family_arm_m3_Hwi_ccr__C)
                  00007d1c    00000004     empty_pem4f.oem4f (.const:ti_sysbios_family_arm_m3_Hwi_excHandlerFunc__C)
                  00007d20    00000004     empty_pem4f.oem4f (.const:ti_sysbios_family_arm_m3_Hwi_excHookFuncs__C)
                  00007d24    00000004     empty_pem4f.oem4f (.const:ti_sysbios_family_arm_m3_Hwi_nullIsrFunc__C)
                  00007d28    00000004     empty_pem4f.oem4f (.const:ti_sysbios_family_arm_m3_Hwi_priGroup__C)
                  00007d2c    00000004     empty_pem4f.oem4f (.const:ti_sysbios_family_arm_m3_TaskSupport_stackAlignment__C)
                  00007d30    00000004     empty_pem4f.oem4f (.const:ti_sysbios_gates_GateMutex_A_badContext__C)
                  00007d34    00000004     empty_pem4f.oem4f (.const:ti_sysbios_gates_GateMutex_Instance_State_sem__O)
                  00007d38    00000004     empty_pem4f.oem4f (.const:ti_sysbios_gates_GateMutex_Module__diagsEnabled__C)
                  00007d3c    00000004     empty_pem4f.oem4f (.const:ti_sysbios_gates_GateMutex_Module__diagsIncluded__C)
                  00007d40    00000004     empty_pem4f.oem4f (.const:ti_sysbios_gates_GateMutex_Module__diagsMask__C)
                  00007d44    00000004     empty_pem4f.oem4f (.const:ti_sysbios_hal_Hwi_E_stackOverflow__C)
                  00007d48    00000004     empty_pem4f.oem4f (.const:ti_sysbios_heaps_HeapMem_A_align__C)
                  00007d4c    00000004     empty_pem4f.oem4f (.const:ti_sysbios_heaps_HeapMem_A_heapSize__C)
                  00007d50    00000004     empty_pem4f.oem4f (.const:ti_sysbios_heaps_HeapMem_A_invalidFree__C)
                  00007d54    00000004     empty_pem4f.oem4f (.const:ti_sysbios_heaps_HeapMem_A_zeroBlock__C)
                  00007d58    00000004     empty_pem4f.oem4f (.const:ti_sysbios_heaps_HeapMem_E_memory__C)
                  00007d5c    00000004     empty_pem4f.oem4f (.const:ti_sysbios_heaps_HeapMem_Module__diagsEnabled__C)
                  00007d60    00000004     empty_pem4f.oem4f (.const:ti_sysbios_heaps_HeapMem_Module__diagsIncluded__C)
                  00007d64    00000004     empty_pem4f.oem4f (.const:ti_sysbios_heaps_HeapMem_Module__diagsMask__C)
                  00007d68    00000004     empty_pem4f.oem4f (.const:ti_sysbios_heaps_HeapMem_Module__gateObj__C)
                  00007d6c    00000004     empty_pem4f.oem4f (.const:ti_sysbios_heaps_HeapMem_Object__count__C)
                  00007d70    00000004     empty_pem4f.oem4f (.const:ti_sysbios_heaps_HeapMem_reqAlign__C)
                  00007d74    00000004     empty_pem4f.oem4f (.const:ti_sysbios_knl_Clock_Module_State_clockQ__O)
                  00007d78    00000004     empty_pem4f.oem4f (.const:ti_sysbios_knl_Clock_tickPeriod__C)
                  00007d7c    00000004     empty_pem4f.oem4f (.const:ti_sysbios_knl_Idle_funcList__A)
                  00007d80    00000004     empty_pem4f.oem4f (.const:ti_sysbios_knl_Semaphore_A_badContext__C)
                  00007d84    00000004     empty_pem4f.oem4f (.const:ti_sysbios_knl_Semaphore_A_noEvents__C)
                  00007d88    00000004     empty_pem4f.oem4f (.const:ti_sysbios_knl_Semaphore_A_overflow__C)
                  00007d8c    00000004     empty_pem4f.oem4f (.const:ti_sysbios_knl_Semaphore_A_pendTaskDisabled__C)
                  00007d90    00000004     empty_pem4f.oem4f (.const:ti_sysbios_knl_Semaphore_Instance_State_pendQ__O)
                  00007d94    00000004     empty_pem4f.oem4f (.const:ti_sysbios_knl_Semaphore_Module__diagsEnabled__C)
                  00007d98    00000004     empty_pem4f.oem4f (.const:ti_sysbios_knl_Semaphore_Module__diagsIncluded__C)
                  00007d9c    00000004     empty_pem4f.oem4f (.const:ti_sysbios_knl_Semaphore_Module__diagsMask__C)
                  00007da0    00000004     empty_pem4f.oem4f (.const:ti_sysbios_knl_Swi_Object__count__C)
                  00007da4    00000004     empty_pem4f.oem4f (.const:ti_sysbios_knl_Task_A_badPriority__C)
                  00007da8    00000004     empty_pem4f.oem4f (.const:ti_sysbios_knl_Task_A_badTaskState__C)
                  00007dac    00000004     empty_pem4f.oem4f (.const:ti_sysbios_knl_Task_A_badThreadType__C)
                  00007db0    00000004     empty_pem4f.oem4f (.const:ti_sysbios_knl_Task_A_badTimeout__C)
                  00007db4    00000004     empty_pem4f.oem4f (.const:ti_sysbios_knl_Task_A_noPendElem__C)
                  00007db8    00000004     empty_pem4f.oem4f (.const:ti_sysbios_knl_Task_A_sleepTaskDisabled__C)
                  00007dbc    00000004     empty_pem4f.oem4f (.const:ti_sysbios_knl_Task_E_spOutOfBounds__C)
                  00007dc0    00000004     empty_pem4f.oem4f (.const:ti_sysbios_knl_Task_E_stackOverflow__C)
                  00007dc4    00000004     empty_pem4f.oem4f (.const:ti_sysbios_knl_Task_Module_State_inactiveQ__O)
                  00007dc8    00000004     empty_pem4f.oem4f (.const:ti_sysbios_knl_Task_Module__diagsEnabled__C)
                  00007dcc    00000004     empty_pem4f.oem4f (.const:ti_sysbios_knl_Task_Module__diagsIncluded__C)
                  00007dd0    00000004     empty_pem4f.oem4f (.const:ti_sysbios_knl_Task_Module__diagsMask__C)
                  00007dd4    00000004     empty_pem4f.oem4f (.const:ti_sysbios_knl_Task_Object__count__C)
                  00007dd8    00000004     empty_pem4f.oem4f (.const:ti_sysbios_knl_Task_allBlockedFunc__C)
                  00007ddc    00000004     empty_pem4f.oem4f (.const:ti_sysbios_knl_Task_defaultStackHeap__C)
                  00007de0    00000004     empty_pem4f.oem4f (.const:ti_sysbios_knl_Task_defaultStackSize__C)
                  00007de4    00000004     empty_pem4f.oem4f (.const:ti_sysbios_knl_Task_numConstructedTasks__C)
                  00007de8    00000004     empty_pem4f.oem4f (.const:xdc_runtime_Assert_E_assertFailed__C)
                  00007dec    00000004     empty_pem4f.oem4f (.const:xdc_runtime_Core_A_initializedParams__C)
                  00007df0    00000004     empty_pem4f.oem4f (.const:xdc_runtime_Core_Module__diagsEnabled__C)
                  00007df4    00000004     empty_pem4f.oem4f (.const:xdc_runtime_Core_Module__diagsIncluded__C)
                  00007df8    00000004     empty_pem4f.oem4f (.const:xdc_runtime_Core_Module__diagsMask__C)
                  00007dfc    00000004     empty_pem4f.oem4f (.const:xdc_runtime_Error_E_memory__C)
                  00007e00    00000004     empty_pem4f.oem4f (.const:xdc_runtime_Error_Module__diagsEnabled__C)
                  00007e04    00000004     empty_pem4f.oem4f (.const:xdc_runtime_Error_Module__diagsIncluded__C)
                  00007e08    00000004     empty_pem4f.oem4f (.const:xdc_runtime_Error_Module__diagsMask__C)
                  00007e0c    00000004     empty_pem4f.oem4f (.const:xdc_runtime_Error_Module__loggerFxn8__C)
                  00007e10    00000004     empty_pem4f.oem4f (.const:xdc_runtime_Error_Module__loggerObj__C)
                  00007e14    00000004     empty_pem4f.oem4f (.const:xdc_runtime_Error_policyFxn__C)
                  00007e18    00000004     empty_pem4f.oem4f (.const:xdc_runtime_Error_raiseHook__C)
                  00007e1c    00000004     empty_pem4f.oem4f (.const:xdc_runtime_IGateProvider_Interface__BASE__C)
                  00007e20    00000004     empty_pem4f.oem4f (.const:xdc_runtime_IHeap_Interface__BASE__C)
                  00007e24    00000004     empty_pem4f.oem4f (.const:xdc_runtime_IModule_Interface__BASE__C)
                  00007e28    00000004     empty_pem4f.oem4f (.const:xdc_runtime_Log_L_error__C)
                  00007e2c    00000004     empty_pem4f.oem4f (.const:xdc_runtime_Memory_defaultHeapInstance__C)
                  00007e30    00000004     empty_pem4f.oem4f (.const:xdc_runtime_Startup_execImpl__C)
                  00007e34    00000004     empty_pem4f.oem4f (.const:xdc_runtime_Startup_maxPasses__C)
                  00007e38    00000004     empty_pem4f.oem4f (.const:xdc_runtime_Startup_sfxnRts__C)
                  00007e3c    00000004     empty_pem4f.oem4f (.const:xdc_runtime_Startup_sfxnTab__C)
                  00007e40    00000004     empty_pem4f.oem4f (.const:xdc_runtime_SysMin_bufSize__C)
                  00007e44    00000004     empty_pem4f.oem4f (.const:xdc_runtime_SysMin_outputFunc__C)
                  00007e48    00000004     empty_pem4f.oem4f (.const:xdc_runtime_System_Module__gateObj__C)
                  00007e4c    00000004     empty_pem4f.oem4f (.const:xdc_runtime_System_abortFxn__C)
                  00007e50    00000004     empty_pem4f.oem4f (.const:xdc_runtime_System_exitFxn__C)
                  00007e54    00000004     empty_pem4f.oem4f (.const:xdc_runtime_System_extendFxn__C)
                  00007e58    00000004     empty_pem4f.oem4f (.const:xdc_runtime_System_maxAtexitHandlers__C)
                  00007e5c    00000004     empty_pem4f.oem4f (.const:xdc_runtime_Text_charTab__C)
                  00007e60    00000004     empty_pem4f.oem4f (.const:xdc_runtime_Text_nameEmpty__C)
                  00007e64    00000004     empty_pem4f.oem4f (.const:xdc_runtime_Text_nameStatic__C)
                  00007e68    00000004     empty_pem4f.oem4f (.const:xdc_runtime_Text_nameUnknown__C)
                  00007e6c    00000004     empty_pem4f.oem4f (.const:xdc_runtime_Text_nodeTab__C)
                  00007e70    00000004     empty_pem4f.oem4f (.const:xdc_runtime_Text_visitRopeFxn__C)
                  00007e74    00000002     empty_pem4f.oem4f (.const:ti_sysbios_family_arm_m3_Hwi_Module__id__C)
                  00007e76    00000002     empty_pem4f.oem4f (.const:ti_sysbios_gates_GateMutex_Module__id__C)
                  00007e78    00000002     empty_pem4f.oem4f (.const:ti_sysbios_hal_Hwi_Module__id__C)
                  00007e7a    00000002     empty_pem4f.oem4f (.const:ti_sysbios_heaps_HeapMem_Module__id__C)
                  00007e7c    00000002     empty_pem4f.oem4f (.const:ti_sysbios_knl_Semaphore_Module__id__C)
                  00007e7e    00000002     empty_pem4f.oem4f (.const:ti_sysbios_knl_Task_Module__id__C)
                  00007e80    00000002     empty_pem4f.oem4f (.const:xdc_runtime_Core_Module__id__C)
                  00007e82    00000002     empty_pem4f.oem4f (.const:xdc_runtime_Error_Module__loggerDefined__C)
                  00007e84    00000002     empty_pem4f.oem4f (.const:xdc_runtime_Error_maxDepth__C)
                  00007e86    00000002     empty_pem4f.oem4f (.const:xdc_runtime_Memory_Module__id__C)
                  00007e88    00000002     empty_pem4f.oem4f (.const:xdc_runtime_SysMin_flushAtExit__C)
                  00007e8a    00000002     empty_pem4f.oem4f (.const:xdc_runtime_Text_charCnt__C)
                  00007e8c    00000002     empty_pem4f.oem4f (.const:xdc_runtime_Text_isLoaded__C)
                  00007e8e    00000002     empty_pem4f.oem4f (.const:xdc_runtime_Text_registryModsLastId__C)
                  00007e90    00000002     empty_pem4f.oem4f (.const:xdc_runtime_Text_unnamedModsLastId__C)

.cinit     0    00007e98    00000210     
                  00007e98    000001db     (.cinit..data.load) [load image, compression = lzss]
                  00008073    00000001     --HOLE-- [fill = 0]
                  00008074    0000000c     (__TI_handler_table)
                  00008080    00000008     (.cinit..bss.load) [load image, compression = zero_init]
                  00008088    00000008     (.cinit..vecs.load) [load image, compression = zero_init]
                  00008090    00000018     (__TI_cinit_table)

.init_array 
*          0    00000000    00000000     UNINITIALIZED

.resetVecs 
*          0    00000000    0000003c     
                  00000000    0000003c     empty_pem4f.oem4f (.resetVecs)

.vecs      0    20000000    00000360     UNINITIALIZED
                  20000000    00000360     empty_pem4f.oem4f (.vecs)

.bss       0    20000360    000014e4     UNINITIALIZED
                  20000360    00000400     (.common:ti_sysbios_heaps_HeapMem_Instance_State_0_buf__A)
                  20000760    00000360     (.common:ti_sysbios_family_arm_m3_Hwi_dispatchTable)
                  20000ac0    00000200     empty_pem4f.oem4f (.bss:taskStackSection)
                  20000cc0    00000200     (.common:task0Stack)
                  20000ec0    00000200     (.common:task1Stack)
                  200010c0    00000200     (.common:task2Stack)
                  200012c0    00000200     (.common:task3Stack)
                  200014c0    00000120     rtsv7M4_T_le_v4SPD16_eabi.lib : trgmsg.obj (.bss:_CIOBUF_)
                  200015e0    00000090     drivers_tivaware.aem4f : GPIOTiva.oem4f (.bss:gpioCallbackInfo)
                  20001670    00000080     (.common:xdc_runtime_SysMin_Module_State_0_outbuf__A)
                  200016f0    00000050     (.common:task0Struct)
                  20001740    00000050     (.common:task1Struct)
                  20001790    00000050     (.common:task2Struct)
                  200017e0    00000050     (.common:task3Struct)
                  20001830    00000008     (.common:parmbuf)
                  20001838    00000004     (.common:gpioInterruptVectors)
                  2000183c    00000004     (.common:time_sleep)
                  20001840    00000004     (.common:ui32SysClkFreq)

.data      0    20001844    00000428     UNINITIALIZED
                  20001844    00000080     empty_pem4f.oem4f (.data:ti_sysbios_knl_Swi_Module_State_0_readyQ__A)
                  200018c4    00000080     empty_pem4f.oem4f (.data:ti_sysbios_knl_Task_Module_State_0_readyQ__A)
                  20001944    0000004c     empty_pem4f.oem4f (.data:ti_sysbios_knl_Task_Object__table__V)
                  20001990    00000044     empty_pem4f.oem4f (.data:ti_sysbios_knl_Task_Module__state__V)
                  200019d4    00000040     empty_pem4f.oem4f (.data:ti_sysbios_family_arm_lm4_Timer_Module_State_0_device__A)
                  20001a14    00000040     empty_pem4f.oem4f (.data:ti_sysbios_family_arm_lm4_Timer_Object__table__V)
                  20001a54    00000038     empty_pem4f.oem4f (.data:ti_sysbios_gates_GateMutex_Object__table__V)
                  20001a8c    00000034     empty_pem4f.oem4f (.data:ti_sysbios_family_arm_m3_Hwi_Module__state__V)
                  20001ac0    00000030     empty_pem4f.oem4f (.data:ti_sysbios_knl_Swi_Object__table__V)
                  20001af0    0000002c     empty_pem4f.oem4f (.data:ti_sysbios_knl_Clock_Module__state__V)
                  20001b1c    00000024     empty_pem4f.oem4f (.data:ti_sysbios_BIOS_Module__state__V)
                  20001b40    00000020     empty_pem4f.oem4f (.data:ti_sysbios_family_arm_lm4_Timer_Module_State_0_handles__A)
                  20001b60    0000001c     empty_pem4f.oem4f (.data:ti_sysbios_knl_Swi_Module__state__V)
                  20001b7c    00000018     empty_pem4f.oem4f (.data:ti_sysbios_family_arm_m3_Hwi_Object__table__V)
                  20001b94    00000018     empty_pem4f.oem4f (.data:ti_sysbios_heaps_HeapMem_Object__table__V)
                  20001bac    00000010     EK_TM4C129EXL.obj (.data:gpioPinConfigs)
                  20001bbc    0000000c     rtsv7M4_T_le_v4SPD16_eabi.lib : exit.obj (.data:$O1$$)
                  20001bc8    0000000c     empty_pem4f.oem4f (.data:ti_sysbios_family_arm_lm4_Timer_Module__state__V)
                  20001bd4    0000000c     empty_pem4f.oem4f (.data:xdc_runtime_SysMin_Module__state__V)
                  20001be0    00000008     rtsv7M4_T_le_v4SPD16_eabi.lib : _lock.obj (.data:$O1$$)
                  20001be8    00000008     EK_TM4C129EXL.obj (.data:gpioCallbackFunctions)
                  20001bf0    00000008     empty_pem4f.oem4f (.data:ti_sysbios_family_arm_m3_Hwi_Module__root__V)
                  20001bf8    00000008     empty_pem4f.oem4f (.data:ti_sysbios_gates_GateHwi_Module__root__V)
                  20001c00    00000008     empty_pem4f.oem4f (.data:ti_sysbios_gates_GateMutex_Module__root__V)
                  20001c08    00000008     empty_pem4f.oem4f (.data:ti_sysbios_heaps_HeapMem_Module__root__V)
                  20001c10    00000008     empty_pem4f.oem4f (.data:ti_sysbios_knl_Queue_Module__root__V)
                  20001c18    00000008     empty_pem4f.oem4f (.data:ti_sysbios_knl_Semaphore_Module__root__V)
                  20001c20    00000008     empty_pem4f.oem4f (.data:ti_sysbios_knl_Task_Module__root__V)
                  20001c28    00000008     empty_pem4f.oem4f (.data:xdc_runtime_Registry_Module__state__V)
                  20001c30    00000008     empty_pem4f.oem4f (.data:xdc_runtime_Startup_Module__state__V)
                  20001c38    00000008     empty_pem4f.oem4f (.data:xdc_runtime_System_Module_State_0_atexitHandlers__A)
                  20001c40    00000008     empty_pem4f.oem4f (.data:xdc_runtime_System_Module__state__V)
                  20001c48    00000005     drivers_tivaware.aem4f : GPIOTiva.oem4f (.data)
                  20001c4d    00000002     empty.obj (.data)
                  20001c4f    00000001     --HOLE--
                  20001c50    00000004     rtsv7M4_T_le_v4SPD16_eabi.lib : stkdepth_vars.obj (.data)
                  20001c54    00000004     empty_pem4f.oem4f (.data:ti_sysbios_family_arm_m3_Hwi_Module_State_0_excContext__A)
                  20001c58    00000004     empty_pem4f.oem4f (.data:ti_sysbios_family_arm_m3_Hwi_Module_State_0_excStack__A)
                  20001c5c    00000004     empty_pem4f.oem4f (.data:ti_sysbios_gates_GateHwi_Object__table__V)
                  20001c60    00000004     empty_pem4f.oem4f (.data:ti_sysbios_knl_Task_Module_State_0_idleTask__A)
                  20001c64    00000004     empty_pem4f.oem4f (.data:xdc_runtime_Memory_Module__state__V)
                  20001c68    00000002     empty_pem4f.oem4f (.data:ti_sysbios_family_arm_m3_Hwi_Module_State_0_excActive__A)
                  20001c6a    00000002     empty_pem4f.oem4f (.data:xdc_runtime_Error_Module__state__V)

.stack     0    20001c6c    00000300     UNINITIALIZED
                  20001c6c    00000300     --HOLE--

.bootVecs 
*          0    00000000    00000008     DSECT
                  00000000    00000008     boot.aem4f : boot.oem4f (.bootVecs)

xdc.meta   0    00000000    000000e3     COPY SECTION
                  00000000    000000e3     empty_pem4f.oem4f (xdc.meta)

MODULE SUMMARY

       Module                     code    ro data   rw data
       ------                     ----    -------   -------
    .\
       empty.obj                  1090    0         2378   
       EK_TM4C129EXL.obj          192     20        24     
    +--+--------------------------+-------+---------+---------+
       Total:                     1282    20        2402   
                                                           
    C:\Users\Alumnos\workspace_DSEV2\FinalBoss\Debug\configPkg\package\cfg\
       empty_pem4f.oem4f          1658    7706      4400   
    +--+--------------------------+-------+---------+---------+
       Total:                     1658    7706      4400   
                                                           
    C:/ti/TivaWare_C_Series-2.1.4.178/driverlib/ccs/Debug/driverlib.lib
       sysctl.obj                 674     596       0      
       gpio.obj                   490     0         0      
    +--+--------------------------+-------+---------+---------+
       Total:                     1164    596       0      
                                                           
    C:/ti/tirtos_tivac_2_16_00_08/products/tidrivers_tivac_2_16_00_08/packages/ti/drivers/lib/drivers_tivaware.aem4f
       GPIOTiva.oem4f             764     156       153    
    +--+--------------------------+-------+---------+---------+
       Total:                     764     156       153    
                                                           
    C:\Users\Alumnos\workspace_DSEV2\FinalBoss\src\sysbios\sysbios.aem4f
       BIOS.obj                   11878   0         0      
       m3_Hwi_asm.obj             314     0         0      
       m3_TaskSupport_asm.obj     180     0         0      
       m3_Hwi_asm_switch.obj      118     0         0      
    +--+--------------------------+-------+---------+---------+
       Total:                     12490   0         0      
                                                           
    C:\ti\ccsv7\tools\compiler\ti-cgt-arm_16.9.6.LTS\lib\rtsv7M4_T_le_v4SPD16_eabi.lib
       trgmsg.obj                 104     0         288    
       memcpy_t2.obj              156     0         0      
       memset_t2.obj              122     0         0      
       copy_decompress_lzss.obj   104     0         0      
       exit.obj                   84      0         12     
       hostwrite.obj              88      0         0      
       cpy_tbl.obj                76      0         0      
       u_divt2.obj                64      0         0      
       _lock.obj                  20      0         8      
       args_main.obj              24      0         0      
       strlen.obj                 20      0         0      
       copy_decompress_none.obj   14      0         0      
       copy_zero_init.obj         12      0         0      
       hostopen.obj               0       0         8      
       stkdepth_vars.obj          0       0         4      
       i_div0.obj                 2       0         0      
    +--+--------------------------+-------+---------+---------+
       Total:                     890     0         320    
                                                           
    C:\ti\tirtos_tivac_2_16_00_08\products\bios_6_45_01_29\packages\ti\catalog\arm\cortexm4\tiva\ce\lib\Boot.aem4f
       Boot_sysctl.oem4f          628     452       0      
       Boot.oem4f                 152     0         0      
    +--+--------------------------+-------+---------+---------+
       Total:                     780     452       0      
                                                           
    C:\ti\tirtos_tivac_2_16_00_08\products\bios_6_45_01_29\packages\ti\targets\arm\rtsarm\lib\auto_init.aem4f
       auto_init.oem4f            160     0         0      
    +--+--------------------------+-------+---------+---------+
       Total:                     160     0         0      
                                                           
    C:\ti\tirtos_tivac_2_16_00_08\products\bios_6_45_01_29\packages\ti\targets\arm\rtsarm\lib\boot.aem4f
       boot.oem4f                 88      0         0      
    +--+--------------------------+-------+---------+---------+
       Total:                     88      0         0      
                                                           
    C:\ti\tirtos_tivac_2_16_00_08\products\bios_6_45_01_29\packages\ti\targets\arm\rtsarm\lib\ti.targets.arm.rtsarm.aem4f
       System.oem4f               1255    0         0      
       Text.oem4f                 672     0         0      
       Error.oem4f                524     0         0      
       Core-mem.oem4f             358     0         0      
       Startup.oem4f              328     0         0      
       SysMin.oem4f               248     0         0      
       Core-smem.oem4f            204     0         0      
       Memory.oem4f               176     0         0      
       Assert.oem4f               84      0         0      
       Core-params.oem4f          70      0         0      
       Core-label.oem4f           52      0         0      
       Registry.oem4f             32      0         0      
       Gate.oem4f                 28      0         0      
    +--+--------------------------+-------+---------+---------+
       Total:                     4031    0         0      
                                                           
       Stack:                     0       0         768    
       Linker Generated:          0       527       0      
    +--+--------------------------+-------+---------+---------+
       Grand Total:               23307   9457      8043   


LINKER GENERATED COPY TABLES

__TI_cinit_table @ 00008090 records: 3, size/record: 8, table size: 24
	.data: load addr=00007e98, load size=000001db bytes, run addr=20001844, run size=00000428 bytes, compression=lzss
	.bss: load addr=00008080, load size=00000008 bytes, run addr=20000360, run size=000014e4 bytes, compression=zero_init
	.vecs: load addr=00008088, load size=00000008 bytes, run addr=20000000, run size=00000360 bytes, compression=zero_init


LINKER GENERATED HANDLER TABLE

__TI_handler_table @ 00008074 records: 3, size/record: 4, table size: 12
	index: 0, handler: __TI_decompress_lzss
	index: 1, handler: __TI_decompress_none
	index: 2, handler: __TI_zero_init


GLOBAL SYMBOLS: SORTED ALPHABETICALLY BY Name 

address   name                                                                 
-------   ----                                                                 
00004475  C$$EXIT                                                              
00003df3  C$$IO$$                                                              
00004421  DisplayInit                                                          
00005b61  EK_TM4C129EXL_initGPIO                                               
00002fa5  EK_TM4C129EXL_initGeneral                                            
00005221  GPIODirModeSet                                                       
000055f3  GPIOIntClear                                                         
00005a61  GPIOIntStatus                                                        
000043c9  GPIOIntTypeSet                                                       
000022ed  GPIOPadConfigSet                                                     
00005aab  GPIOPinRead                                                          
0000578d  GPIOPinTypeGPIOOutput                                                
00005b81  GPIOPinWrite                                                         
00007c64  GPIOTiva_config                                                      
00003e95  GPIO_hwiIntFxn                                                       
000038ad  GPIO_init                                                            
00004571  GPIO_setCallback                                                     
00001ddd  GPIO_setConfig                                                       
000045c1  GPIO_toggle                                                          
00004319  HOSTwrite                                                            
UNDEFED   SHT$$INIT_ARRAY$$Base                                                
UNDEFED   SHT$$INIT_ARRAY$$Limit                                               
00002421  SpiSend                                                              
00001351  SysCtlClockFreqSet                                                   
00005b87  SysCtlDelay                                                          
00004de1  SysCtlPeripheralEnable                                               
00000000  __ASM__                                                              
200014c0  __CIOBUF_                                                            
00000061  __ISA__                                                              
00000074  __PLAT__                                                             
20001f6c  __STACK_END                                                          
00000300  __STACK_SIZE                                                         
00000095  __TARG__                                                             
00008090  __TI_CINIT_Base                                                      
000080a8  __TI_CINIT_Limit                                                     
00008074  __TI_Handler_Table_Base                                              
00008080  __TI_Handler_Table_Limit                                             
000033d1  __TI_auto_init                                                       
20001bbc  __TI_cleanup_ptr                                                     
00003d5d  __TI_decompress_lzss                                                 
00005a6f  __TI_decompress_none                                                 
20001bc0  __TI_dtors_ptr                                                       
20001bc4  __TI_enable_exit_profile_output                                      
ffffffff  __TI_pprof_out_hndl                                                  
ffffffff  __TI_prof_data_size                                                  
ffffffff  __TI_prof_data_start                                                 
00003df7  __TI_readmsg                                                         
00007e98  __TI_static_base__                                                   
00003dc5  __TI_writemsg                                                        
00005a9f  __TI_zero_init                                                       
000000bb  __TRDR__                                                             
0000241f  __aeabi_idiv0                                                        
00003a4d  __aeabi_memclr                                                       
00003a4d  __aeabi_memclr4                                                      
00003a4d  __aeabi_memclr8                                                      
00003511  __aeabi_memcpy                                                       
00003511  __aeabi_memcpy4                                                      
00003511  __aeabi_memcpy8                                                      
00003a4f  __aeabi_memset                                                       
00003a4f  __aeabi_memset4                                                      
00003a4f  __aeabi_memset8                                                      
00004b51  __aeabi_uidiv                                                        
00004b51  __aeabi_uidivmod                                                     
ffffffff  __binit__                                                            
ffffffff  __c_args__                                                           
20001c6c  __stack                                                              
000057a5  _args_main                                                           
000042c1  _c_int00                                                             
20001be0  _lock                                                                
000058d3  _nop                                                                 
000058cb  _register_lock                                                       
000058c5  _register_unlock                                                     
20001be4  _unlock                                                              
00004479  abort                                                                
ffffffff  binit                                                                
00004751  copy_in                                                              
00004481  exit                                                                 
20001be8  gpioCallbackFunctions                                                
20001bac  gpioPinConfigs                                                       
00002545  heartBeatFxn                                                         
0000277d  main                                                                 
20001c50  main_func_sp                                                         
00003511  memcpy                                                               
00003a55  memset                                                               
00005a01  osi_TaskDisable                                                      
000059a1  osi_start                                                            
20001830  parmbuf                                                              
000058d9  strlen                                                               
000058ed  tarea1                                                               
00004c8d  tarea2                                                               
00004cc5  tarea3                                                               
20000cc0  task0Stack                                                           
200016f0  task0Struct                                                          
20000ec0  task1Stack                                                           
20001740  task1Struct                                                          
200010c0  task2Stack                                                           
20001790  task2Struct                                                          
200012c0  task3Stack                                                           
200017e0  task3Struct                                                          
00007ccc  ti_catalog_arm_cortexm4_tiva_ce_Boot_A_mustNotUseEnhancedClockMode__C
00007cd0  ti_catalog_arm_cortexm4_tiva_ce_Boot_Module__diagsEnabled__C         
00007cd4  ti_catalog_arm_cortexm4_tiva_ce_Boot_Module__diagsIncluded__C        
00007cd8  ti_catalog_arm_cortexm4_tiva_ce_Boot_Module__diagsMask__C            
0000744e  ti_catalog_arm_cortexm4_tiva_ce_Boot_Module__id__C                   
0000597d  ti_catalog_arm_cortexm4_tiva_ce_Boot_init__I                         
0000114d  ti_catalog_arm_cortexm4_tiva_ce_Boot_sysCtlClockFreqSetI__I          
000036e9  ti_catalog_arm_cortexm4_tiva_ce_Boot_sysCtlClockFreqSet__E           
20001b1c  ti_sysbios_BIOS_Module__state__V                                     
000056f1  ti_sysbios_BIOS_RtsGateProxy_Handle__label__S                        
0000537d  ti_sysbios_BIOS_RtsGateProxy_Object__delete__S                       
000007bd  ti_sysbios_BIOS_RtsGateProxy_enter__E                                
0000174d  ti_sysbios_BIOS_RtsGateProxy_leave__E                                
00005bd1  ti_sysbios_BIOS_RtsGateProxy_query__E                                
00004f5d  ti_sysbios_BIOS_atExitFunc__I                                        
000052ed  ti_sysbios_BIOS_errorRaiseHook__I                                    
00005899  ti_sysbios_BIOS_exitFunc__I                                          
000036e7  ti_sysbios_BIOS_nullFunc__I                                          
00005311  ti_sysbios_BIOS_registerRTSLock__I                                   
00005335  ti_sysbios_BIOS_removeRTSLock__I                                     
00005495  ti_sysbios_BIOS_rtsLock__I                                           
000057bd  ti_sysbios_BIOS_rtsUnlock__I                                         
00005991  ti_sysbios_BIOS_setThreadType__E                                     
00005359  ti_sysbios_BIOS_startFunc__I                                         
000059a1  ti_sysbios_BIOS_start__E                                             
200019d4  ti_sysbios_family_arm_lm4_Timer_Module_State_0_device__A             
20001b40  ti_sysbios_family_arm_lm4_Timer_Module_State_0_handles__A            
000057d5  ti_sysbios_family_arm_lm4_Timer_Module__startupDone__F               
000057d5  ti_sysbios_family_arm_lm4_Timer_Module__startupDone__S               
20001bc8  ti_sysbios_family_arm_lm4_Timer_Module__state__V                     
00003ef9  ti_sysbios_family_arm_lm4_Timer_Module_startup__E                    
20001a14  ti_sysbios_family_arm_lm4_Timer_Object__table__V                     
00007cdc  ti_sysbios_family_arm_lm4_Timer_enableFunc__C                        
00003281  ti_sysbios_family_arm_lm4_Timer_enableTimers__I                      
000031d1  ti_sysbios_family_arm_lm4_Timer_enableTiva__I                        
00005ab1  ti_sysbios_family_arm_lm4_Timer_getMaxTicks__E                       
00004029  ti_sysbios_family_arm_lm4_Timer_isrStub__E                           
00005b69  ti_sysbios_family_arm_lm4_Timer_masterDisable__I                     
00001c75  ti_sysbios_family_arm_lm4_Timer_masterEnable__I                      
00007ce0  ti_sysbios_family_arm_lm4_Timer_numTimerDevices__C                   
000021b9  ti_sysbios_family_arm_lm4_Timer_start__E                             
00007ce4  ti_sysbios_family_arm_lm4_Timer_startupNeeded__C                     
00004b91  ti_sysbios_family_arm_lm4_Timer_startup__E                           
00004f91  ti_sysbios_family_arm_lm4_Timer_stop__E                              
00005411  ti_sysbios_family_arm_lm4_Timer_write__I                             
00007ce8  ti_sysbios_family_arm_m3_Hwi_E_NMI__C                                
00007cec  ti_sysbios_family_arm_m3_Hwi_E_alreadyDefined__C                     
00007cf0  ti_sysbios_family_arm_m3_Hwi_E_busFault__C                           
00007cf4  ti_sysbios_family_arm_m3_Hwi_E_debugMon__C                           
00007cf8  ti_sysbios_family_arm_m3_Hwi_E_hardFault__C                          
00007cfc  ti_sysbios_family_arm_m3_Hwi_E_memFault__C                           
00007d00  ti_sysbios_family_arm_m3_Hwi_E_noIsr__C                              
00007d04  ti_sysbios_family_arm_m3_Hwi_E_reserved__C                           
00007d08  ti_sysbios_family_arm_m3_Hwi_E_svCall__C                             
00007d0c  ti_sysbios_family_arm_m3_Hwi_E_usageFault__C                         
000056bd  ti_sysbios_family_arm_m3_Hwi_Handle__label__S                        
00004e19  ti_sysbios_family_arm_m3_Hwi_Instance_finalize__E                    
00003781  ti_sysbios_family_arm_m3_Hwi_Instance_init__E                        
20001c68  ti_sysbios_family_arm_m3_Hwi_Module_State_0_excActive__A             
20001c54  ti_sysbios_family_arm_m3_Hwi_Module_State_0_excContext__A            
20001c58  ti_sysbios_family_arm_m3_Hwi_Module_State_0_excStack__A              
00007e74  ti_sysbios_family_arm_m3_Hwi_Module__id__C                           
20001bf0  ti_sysbios_family_arm_m3_Hwi_Module__root__V                         
000057ed  ti_sysbios_family_arm_m3_Hwi_Module__startupDone__F                  
000057ed  ti_sysbios_family_arm_m3_Hwi_Module__startupDone__S                  
20001a8c  ti_sysbios_family_arm_m3_Hwi_Module__state__V                        
00004661  ti_sysbios_family_arm_m3_Hwi_Module_startup__E                       
00007d10  ti_sysbios_family_arm_m3_Hwi_NUM_INTERRUPTS__C                       
00007b1c  ti_sysbios_family_arm_m3_Hwi_Object__DESC__C                         
00007a34  ti_sysbios_family_arm_m3_Hwi_Object__PARAMS__C                       
00007d14  ti_sysbios_family_arm_m3_Hwi_Object__count__C                        
00005901  ti_sysbios_family_arm_m3_Hwi_Object__get__S                          
20001b7c  ti_sysbios_family_arm_m3_Hwi_Object__table__V                        
00005abd  ti_sysbios_family_arm_m3_Hwi_Params__init__S                         
00007d18  ti_sysbios_family_arm_m3_Hwi_ccr__C                                  
00003f5d  ti_sysbios_family_arm_m3_Hwi_create                                  
00005ac9  ti_sysbios_family_arm_m3_Hwi_disableFxn__E                           
000048d9  ti_sysbios_family_arm_m3_Hwi_disableInterrupt__E                     
00003fc1  ti_sysbios_family_arm_m3_Hwi_dispatchC__I                            
20000760  ti_sysbios_family_arm_m3_Hwi_dispatchTable                           
00002b7d  ti_sysbios_family_arm_m3_Hwi_dispatch__I                             
00005b71  ti_sysbios_family_arm_m3_Hwi_doSwiRestore__I                         
00005b91  ti_sysbios_family_arm_m3_Hwi_doTaskRestore__I                        
[...]
00005b79  ti_sysbios_hal_Hwi_HwiProxy_startup__E                               
00005b79  ti_sysbios_hal_Hwi_startup__E                                        
00005b81  GPIOPinWrite                                                         
00005b87  SysCtlDelay                                                          
00005b91  ti_sysbios_family_arm_m3_Hwi_doTaskRestore__I                        
00005b99  ti_sysbios_family_arm_m3_Hwi_restoreFxn__E                           
00005b99  ti_sysbios_hal_Hwi_HwiProxy_restore__E                               
00005ba1  ti_sysbios_gates_GateHwi_leave__E                                    
00005ba9  ti_sysbios_heaps_HeapMem_isBlocking__E                               
00005bb1  ti_sysbios_knl_Queue_Instance_init__E                                
00005bb9  ti_sysbios_knl_Swi_startup__E                                        
00005bbf  xdc_runtime_System_Module_startup__E                                 
00005bc9  ti_sysbios_gates_GateHwi_query__E                                    
00005bc9  xdc_runtime_Main_Module_GateProxy_query__E                           
00005bc9  xdc_runtime_System_Module_GateProxy_query__E                         
00005bd1  ti_sysbios_BIOS_RtsGateProxy_query__E                                
00005bd1  ti_sysbios_gates_GateMutex_query__E                                  
00005bd1  ti_sysbios_heaps_HeapMem_Module_GateProxy_query__E                   
00005bd9  ti_sysbios_knl_Task_startup__E                                       
00005be1  ti_sysbios_gates_GateHwi_Instance_init__E                            
00005be9  ti_sysbios_knl_Clock_logTick__E                                      
00005bec  xdc_runtime_Text_charTab__A                                          
0000744d  xdc_runtime_Error_policy__C                                          
0000744e  ti_catalog_arm_cortexm4_tiva_ce_Boot_Module__id__C                   
00007720  xdc_runtime_Text_nodeTab__A                                          
00007998  ti_sysbios_knl_Task_Object__PARAMS__C                                
00007a34  ti_sysbios_family_arm_m3_Hwi_Object__PARAMS__C                       
00007a64  ti_sysbios_heaps_HeapMem_Module__FXNS__C                             
00007a8c  ti_sysbios_gates_GateHwi_Module__FXNS__C                             
00007ab0  ti_sysbios_gates_GateMutex_Module__FXNS__C                           
00007ad4  ti_sysbios_heaps_HeapMem_Object__PARAMS__C                           
00007af8  ti_sysbios_knl_Semaphore_Object__PARAMS__C                           
00007b1c  ti_sysbios_family_arm_m3_Hwi_Object__DESC__C                         
00007b3c  ti_sysbios_gates_GateHwi_Object__DESC__C                             
00007b5c  ti_sysbios_gates_GateMutex_Object__DESC__C                           
00007b7c  ti_sysbios_heaps_HeapMem_Object__DESC__C                             
00007b9c  ti_sysbios_knl_Queue_Object__DESC__C                                 
00007bbc  ti_sysbios_knl_Semaphore_Object__DESC__C                             
00007bdc  ti_sysbios_knl_Task_Object__DESC__C                                  
00007bfc  xdc_runtime_Startup_sfxnTab__A                                       
00007c1c  ti_sysbios_gates_GateHwi_Object__PARAMS__C                           
00007c34  ti_sysbios_gates_GateMutex_Object__PARAMS__C                         
00007c4c  ti_sysbios_knl_Queue_Object__PARAMS__C                               
00007c64  GPIOTiva_config                                                      
00007c78  xdc_runtime_Startup_firstFxns__A                                     
00007c8c  xdc_runtime_Startup_sfxnRts__A                                       
00007cac  ti_sysbios_family_arm_m3_Hwi_excHookFuncs__A                         
00007cb4  ti_sysbios_knl_Idle_funcList__C                                      
00007cbc  xdc_runtime_Startup_firstFxns__C                                     
00007cc4  xdc_runtime_Startup_lastFxns__C                                      
00007ccc  ti_catalog_arm_cortexm4_tiva_ce_Boot_A_mustNotUseEnhancedClockMode__C
00007cd0  ti_catalog_arm_cortexm4_tiva_ce_Boot_Module__diagsEnabled__C         
00007cd4  ti_catalog_arm_cortexm4_tiva_ce_Boot_Module__diagsIncluded__C        
00007cd8  ti_catalog_arm_cortexm4_tiva_ce_Boot_Module__diagsMask__C            
00007cdc  ti_sysbios_family_arm_lm4_Timer_enableFunc__C                        
00007ce0  ti_sysbios_family_arm_lm4_Timer_numTimerDevices__C                   
00007ce4  ti_sysbios_family_arm_lm4_Timer_startupNeeded__C                     
00007ce8  ti_sysbios_family_arm_m3_Hwi_E_NMI__C                                
00007cec  ti_sysbios_family_arm_m3_Hwi_E_alreadyDefined__C                     
00007cf0  ti_sysbios_family_arm_m3_Hwi_E_busFault__C                           
00007cf4  ti_sysbios_family_arm_m3_Hwi_E_debugMon__C                           
00007cf8  ti_sysbios_family_arm_m3_Hwi_E_hardFault__C                          
00007cfc  ti_sysbios_family_arm_m3_Hwi_E_memFault__C                           
00007d00  ti_sysbios_family_arm_m3_Hwi_E_noIsr__C                              
00007d04  ti_sysbios_family_arm_m3_Hwi_E_reserved__C                           
00007d08  ti_sysbios_family_arm_m3_Hwi_E_svCall__C                             
00007d0c  ti_sysbios_family_arm_m3_Hwi_E_usageFault__C                         
00007d10  ti_sysbios_family_arm_m3_Hwi_NUM_INTERRUPTS__C                       
00007d14  ti_sysbios_family_arm_m3_Hwi_Object__count__C                        
00007d18  ti_sysbios_family_arm_m3_Hwi_ccr__C                                  
00007d1c  ti_sysbios_family_arm_m3_Hwi_excHandlerFunc__C                       
00007d20  ti_sysbios_family_arm_m3_Hwi_excHookFuncs__C                         
00007d24  ti_sysbios_family_arm_m3_Hwi_nullIsrFunc__C                          
00007d28  ti_sysbios_family_arm_m3_Hwi_priGroup__C                             
00007d2c  ti_sysbios_family_arm_m3_TaskSupport_stackAlignment__C               
00007d30  ti_sysbios_gates_GateMutex_A_badContext__C                           
00007d34  ti_sysbios_gates_GateMutex_Instance_State_sem__O                     
00007d38  ti_sysbios_gates_GateMutex_Module__diagsEnabled__C                   
00007d3c  ti_sysbios_gates_GateMutex_Module__diagsIncluded__C                  
00007d40  ti_sysbios_gates_GateMutex_Module__diagsMask__C                      
00007d44  ti_sysbios_hal_Hwi_E_stackOverflow__C                                
00007d48  ti_sysbios_heaps_HeapMem_A_align__C                                  
00007d4c  ti_sysbios_heaps_HeapMem_A_heapSize__C                               
00007d50  ti_sysbios_heaps_HeapMem_A_invalidFree__C                            
00007d54  ti_sysbios_heaps_HeapMem_A_zeroBlock__C                              
00007d58  ti_sysbios_heaps_HeapMem_E_memory__C                                 
00007d5c  ti_sysbios_heaps_HeapMem_Module__diagsEnabled__C                     
00007d60  ti_sysbios_heaps_HeapMem_Module__diagsIncluded__C                    
00007d64  ti_sysbios_heaps_HeapMem_Module__diagsMask__C                        
00007d68  ti_sysbios_heaps_HeapMem_Module__gateObj__C                          
00007d6c  ti_sysbios_heaps_HeapMem_Object__count__C                            
00007d70  ti_sysbios_heaps_HeapMem_reqAlign__C                                 
00007d74  ti_sysbios_knl_Clock_Module_State_clockQ__O                          
00007d78  ti_sysbios_knl_Clock_tickPeriod__C                                   
00007d7c  ti_sysbios_knl_Idle_funcList__A                                      
00007d80  ti_sysbios_knl_Semaphore_A_badContext__C                             
00007d84  ti_sysbios_knl_Semaphore_A_noEvents__C                               
00007d88  ti_sysbios_knl_Semaphore_A_overflow__C                               
00007d8c  ti_sysbios_knl_Semaphore_A_pendTaskDisabled__C                       
00007d90  ti_sysbios_knl_Semaphore_Instance_State_pendQ__O                     
00007d94  ti_sysbios_knl_Semaphore_Module__diagsEnabled__C                     
00007d98  ti_sysbios_knl_Semaphore_Module__diagsIncluded__C                    
00007d9c  ti_sysbios_knl_Semaphore_Module__diagsMask__C                        
00007da0  ti_sysbios_knl_Swi_Object__count__C                                  
00007da4  ti_sysbios_knl_Task_A_badPriority__C                                 
00007da8  ti_sysbios_knl_Task_A_badTaskState__C                                
00007dac  ti_sysbios_knl_Task_A_badThreadType__C                               
00007db0  ti_sysbios_knl_Task_A_badTimeout__C                                  
00007db4  ti_sysbios_knl_Task_A_noPendElem__C                                  
00007db8  ti_sysbios_knl_Task_A_sleepTaskDisabled__C                           
00007dbc  ti_sysbios_knl_Task_E_spOutOfBounds__C                               
00007dc0  ti_sysbios_knl_Task_E_stackOverflow__C                               
00007dc4  ti_sysbios_knl_Task_Module_State_inactiveQ__O                        
00007dc8  ti_sysbios_knl_Task_Module__diagsEnabled__C                          
00007dcc  ti_sysbios_knl_Task_Module__diagsIncluded__C                         
00007dd0  ti_sysbios_knl_Task_Module__diagsMask__C                             
00007dd4  ti_sysbios_knl_Task_Object__count__C                                 
00007dd8  ti_sysbios_knl_Task_allBlockedFunc__C                                
00007ddc  ti_sysbios_knl_Task_defaultStackHeap__C                              
00007de0  ti_sysbios_knl_Task_defaultStackSize__C                              
00007de4  ti_sysbios_knl_Task_numConstructedTasks__C                           
00007de8  xdc_runtime_Assert_E_assertFailed__C                                 
00007dec  xdc_runtime_Core_A_initializedParams__C                              
00007df0  xdc_runtime_Core_Module__diagsEnabled__C                             
00007df4  xdc_runtime_Core_Module__diagsIncluded__C                            
00007df8  xdc_runtime_Core_Module__diagsMask__C                                
00007dfc  xdc_runtime_Error_E_memory__C                                        
00007e00  xdc_runtime_Error_Module__diagsEnabled__C                            
00007e04  xdc_runtime_Error_Module__diagsIncluded__C                           
00007e08  xdc_runtime_Error_Module__diagsMask__C                               
00007e0c  xdc_runtime_Error_Module__loggerFxn8__C                              
00007e10  xdc_runtime_Error_Module__loggerObj__C                               
00007e14  xdc_runtime_Error_policyFxn__C                                       
00007e18  xdc_runtime_Error_raiseHook__C                                       
00007e1c  xdc_runtime_IGateProvider_Interface__BASE__C                         
00007e20  xdc_runtime_IHeap_Interface__BASE__C                                 
00007e24  xdc_runtime_IModule_Interface__BASE__C                               
00007e28  xdc_runtime_Log_L_error__C                                           
00007e2c  xdc_runtime_Memory_defaultHeapInstance__C                            
00007e30  xdc_runtime_Startup_execImpl__C                                      
00007e34  xdc_runtime_Startup_maxPasses__C                                     
00007e38  xdc_runtime_Startup_sfxnRts__C                                       
00007e3c  xdc_runtime_Startup_sfxnTab__C                                       
00007e40  xdc_runtime_SysMin_bufSize__C                                        
00007e44  xdc_runtime_SysMin_outputFunc__C                                     
00007e48  xdc_runtime_System_Module__gateObj__C                                
00007e4c  xdc_runtime_System_abortFxn__C                                       
00007e50  xdc_runtime_System_exitFxn__C                                        
00007e54  xdc_runtime_System_extendFxn__C                                      
00007e58  xdc_runtime_System_maxAtexitHandlers__C                              
00007e5c  xdc_runtime_Text_charTab__C                                          
00007e60  xdc_runtime_Text_nameEmpty__C                                        
00007e64  xdc_runtime_Text_nameStatic__C                                       
00007e68  xdc_runtime_Text_nameUnknown__C                                      
00007e6c  xdc_runtime_Text_nodeTab__C                                          
00007e70  xdc_runtime_Text_visitRopeFxn__C                                     
00007e74  ti_sysbios_family_arm_m3_Hwi_Module__id__C                           
00007e76  ti_sysbios_gates_GateMutex_Module__id__C                             
00007e78  ti_sysbios_hal_Hwi_Module__id__C                                     
00007e7a  ti_sysbios_heaps_HeapMem_Module__id__C                               
00007e7c  ti_sysbios_knl_Semaphore_Module__id__C                               
00007e7e  ti_sysbios_knl_Task_Module__id__C                                    
00007e80  xdc_runtime_Core_Module__id__C                                       
00007e82  xdc_runtime_Error_Module__loggerDefined__C                           
00007e84  xdc_runtime_Error_maxDepth__C                                        
00007e86  xdc_runtime_Memory_Module__id__C                                     
00007e88  xdc_runtime_SysMin_flushAtExit__C                                    
00007e8a  xdc_runtime_Text_charCnt__C                                          
00007e8c  xdc_runtime_Text_isLoaded__C                                         
00007e8e  xdc_runtime_Text_registryModsLastId__C                               
00007e90  xdc_runtime_Text_unnamedModsLastId__C                                
00007e98  __TI_static_base__                                                   
00008074  __TI_Handler_Table_Base                                              
00008080  __TI_Handler_Table_Limit                                             
00008090  __TI_CINIT_Base                                                      
000080a8  __TI_CINIT_Limit                                                     
20000000  ti_sysbios_family_arm_m3_Hwi_ramVectors                              
20000360  ti_sysbios_heaps_HeapMem_Instance_State_0_buf__A                     
20000760  ti_sysbios_family_arm_m3_Hwi_dispatchTable                           
20000ac0  ti_sysbios_knl_Task_Instance_State_0_stack__A                        
20000cc0  task0Stack                                                           
20000ec0  task1Stack                                                           
200010c0  task2Stack                                                           
200012c0  task3Stack                                                           
200014c0  __CIOBUF_                                                            
20001670  xdc_runtime_SysMin_Module_State_0_outbuf__A                          
200016f0  task0Struct                                                          
20001740  task1Struct                                                          
20001790  task2Struct                                                          
200017e0  task3Struct                                                          
20001830  parmbuf                                                              
2000183c  time_sleep                                                           
20001840  ui32SysClkFreq                                                       
20001844  ti_sysbios_knl_Swi_Module_State_0_readyQ__A                          
200018c4  ti_sysbios_knl_Task_Module_State_0_readyQ__A                         
20001944  ti_sysbios_knl_Task_Object__table__V                                 
20001990  ti_sysbios_knl_Task_Module__state__V                                 
200019d4  ti_sysbios_family_arm_lm4_Timer_Module_State_0_device__A             
20001a14  ti_sysbios_family_arm_lm4_Timer_Object__table__V                     
20001a54  ti_sysbios_gates_GateMutex_Object__table__V                          
20001a8c  ti_sysbios_family_arm_m3_Hwi_Module__state__V                        
20001ac0  ti_sysbios_knl_Swi_Object__table__V                                  
20001af0  ti_sysbios_knl_Clock_Module__state__V                                
20001b1c  ti_sysbios_BIOS_Module__state__V                                     
20001b40  ti_sysbios_family_arm_lm4_Timer_Module_State_0_handles__A            
20001b60  ti_sysbios_knl_Swi_Module__state__V                                  
20001b7c  ti_sysbios_family_arm_m3_Hwi_Object__table__V                        
20001b94  ti_sysbios_heaps_HeapMem_Object__table__V                            
20001bac  gpioPinConfigs                                                       
20001bbc  __TI_cleanup_ptr                                                     
20001bc0  __TI_dtors_ptr                                                       
20001bc4  __TI_enable_exit_profile_output                                      
20001bc8  ti_sysbios_family_arm_lm4_Timer_Module__state__V                     
20001bd4  xdc_runtime_SysMin_Module__state__V                                  
20001be0  _lock                                                                
20001be4  _unlock                                                              
20001be8  gpioCallbackFunctions                                                
20001bf0  ti_sysbios_family_arm_m3_Hwi_Module__root__V                         
20001bf8  ti_sysbios_gates_GateHwi_Module__root__V                             
20001c00  ti_sysbios_gates_GateMutex_Module__root__V                           
20001c08  ti_sysbios_heaps_HeapMem_Module__root__V                             
20001c10  ti_sysbios_knl_Queue_Module__root__V                                 
20001c18  ti_sysbios_knl_Semaphore_Module__root__V                             
20001c20  ti_sysbios_knl_Task_Module__root__V                                  
20001c28  xdc_runtime_Registry_Module__state__V                                
20001c30  xdc_runtime_Startup_Module__state__V                                 
20001c38  xdc_runtime_System_Module_State_0_atexitHandlers__A                  
20001c40  xdc_runtime_System_Module__state__V                                  
20001c4d  ui8Delay                                                             
20001c4e  ui8Counter                                                           
20001c50  main_func_sp                                                         
20001c54  ti_sysbios_family_arm_m3_Hwi_Module_State_0_excContext__A            
20001c58  ti_sysbios_family_arm_m3_Hwi_Module_State_0_excStack__A              
20001c5c  ti_sysbios_gates_GateHwi_Object__table__V                            
20001c60  ti_sysbios_knl_Task_Module_State_0_idleTask__A                       
20001c64  xdc_runtime_Memory_Module__state__V                                  
20001c68  ti_sysbios_family_arm_m3_Hwi_Module_State_0_excActive__A             
20001c6a  xdc_runtime_Error_Module__state__V                                   
20001c6c  __stack                                                              
20001f6c  __STACK_END                                                          
e000e000  ti_sysbios_family_arm_m3_Hwi_nvic                                    
ffffffff  __TI_pprof_out_hndl                                                  
ffffffff  __TI_prof_data_size                                                  
ffffffff  __TI_prof_data_start                                                 
ffffffff  __binit__                                                            
ffffffff  __c_args__                                                           
ffffffff  binit                                                                
UNDEFED   SHT$$INIT_ARRAY$$Base                                                
UNDEFED   SHT$$INIT_ARRAY$$Limit                                               

[561 symbols]
