******************************************************************************
                  TI ARM Linker PC v16.9.6                     
******************************************************************************
>> Linked Sat Jun 11 10:54:46 2022

OUTPUT FILE NAME:   <practica0.out>
ENTRY POINT SYMBOL: "_c_int00"  address: 00003ee1


MEMORY CONFIGURATION

         name            origin    length      used     unused   attr    fill
----------------------  --------  ---------  --------  --------  ----  --------
  FLASH                 00000000   00100000  00007a04  000f85fc  R  X
  SRAM                  20000000   00040000  00001f62  0003e09e  RW X


SEGMENT ALLOCATION MAP

run origin  load origin   length   init length attrs members
----------  ----------- ---------- ----------- ----- -------
00000000    00000000    00007a10   00007a10    r-x
  00000000    00000000    0000003c   0000003c    r-- .resetVecs
  00000040    00000040    0000576a   0000576a    r-x .text
  000057ac    000057ac    0000204e   0000204e    r-- .const
  00007800    00007800    00000210   00000210    r-- .cinit
20000000    20000000    00001f64   00000000    rw-
  20000000    20000000    00000360   00000000    rw- .vecs
  20000360    20000360    000014dc   00000000    rw- .bss
  2000183c    2000183c    00000426   00000000    rw- .data
  20001c64    20001c64    00000300   00000000    rw- .stack


SECTION ALLOCATION MAP

 output                                  attributes/
section   page    origin      length       input sections
--------  ----  ----------  ----------   ----------------
.text      0    00000040    0000576a     
                  00000040    00000430     sysbios.aem4f : BIOS.obj (.text:ti_sysbios_family_arm_m3_Hwi_excDumpRegs__I)
                  00000470    0000034c     ti.targets.arm.rtsarm.aem4f : System.oem4f (.text:xdc_runtime_System_doPrint__I)
                  000007bc    00000004     empty_pem4f.oem4f (.text:ti_sysbios_BIOS_RtsGateProxy_enter__E)
                  000007c0    000002c8     sysbios.aem4f : BIOS.obj (.text:ti_sysbios_knl_Semaphore_pend__E)
                  00000a88    00000258                   : BIOS.obj (.text:ti_sysbios_heaps_HeapMem_free__E)
                  00000ce0    00000248                   : BIOS.obj (.text:ti_sysbios_heaps_HeapMem_alloc__E)
                  00000f28    00000224                   : BIOS.obj (.text:ti_sysbios_knl_Task_Instance_finalize__E)
                  0000114c    00000204     Boot.aem4f : Boot_sysctl.oem4f (.text:ti_catalog_arm_cortexm4_tiva_ce_Boot_sysCtlClockFreqSetI__I)
                  00001350    000001fc     sysbios.aem4f : BIOS.obj (.text:ti_sysbios_family_arm_m3_Hwi_excHandlerMax__I)
                  0000154c    00000004     empty_pem4f.oem4f (.text:ti_sysbios_BIOS_RtsGateProxy_leave__E)
                  00001550    000001f0     sysbios.aem4f : BIOS.obj (.text:ti_sysbios_knl_Task_sleep__E)
                  00001740    000001c0                   : BIOS.obj (.text:ti_sysbios_knl_Task_Instance_init__E)
                  00001900    00000174                   : BIOS.obj (.text:ti_sysbios_family_arm_m3_Hwi_excBusFault__I)
                  00001a74    00000170     empty.obj (.text:main)
                  00001be4    00000004     sysbios.aem4f : BIOS.obj (.text:ti_sysbios_family_arm_lm4_Timer_masterEnable__I)
                  00001be8    00000164                   : BIOS.obj (.text:ti_sysbios_family_arm_m3_Hwi_excUsageFault__I)
                  00001d4c    00000150     drivers_tivaware.aem4f : GPIOTiva.oem4f (.text:GPIO_setConfig)
                  00001e9c    00000004     empty_pem4f.oem4f (.text:ti_sysbios_family_arm_m3_TaskSupport_Module__startupDone__S)
                  00001ea0    00000148     sysbios.aem4f : BIOS.obj (.text:ti_sysbios_family_arm_m3_Hwi_excMemFault__I)
                  00001fe8    0000013c                   : BIOS.obj (.text:ti_sysbios_heaps_HeapMem_Instance_init__E)
                  00002124    00000004     empty_pem4f.oem4f (.text:ti_sysbios_heaps_HeapMem_Module_GateProxy_enter__E)
                  00002128    00000134     sysbios.aem4f : BIOS.obj (.text:ti_sysbios_family_arm_lm4_Timer_start__E)
                  0000225c    00000132     driverlib.lib : gpio.obj (.text:GPIOPadConfigSet)
                  0000238e    00000002     rtsv7M4_T_le_v4SPD16_eabi.lib : i_div0.obj (.text)
                  00002390    00000118     ti.targets.arm.rtsarm.aem4f : Error.oem4f (.text:xdc_runtime_Error_policyDefault__E)
                  000024a8    00000100                                 : Core-mem.oem4f (.text:xdc_runtime_Core_createObject__I)
                  000025a8    000000f8                                 : Startup.oem4f (.text:xdc_runtime_Startup_startMods__I)
                  000026a0    000000f8     empty_pem4f.oem4f (.text:xdc_runtime_System_printfExtend__I)
                  00002798    000000f4     sysbios.aem4f : m3_Hwi_asm.obj (.text:ti_sysbios_family_arm_m3_Hwi_dispatch__I)
                  0000288c    00000004     empty_pem4f.oem4f (.text:ti_sysbios_heaps_HeapMem_Module_GateProxy_leave__E)
                  00002890    000000ec     sysbios.aem4f : BIOS.obj (.text:ti_sysbios_knl_Semaphore_post__E)
                  0000297c    000000cc     ti.targets.arm.rtsarm.aem4f : Core-smem.oem4f (.text:xdc_runtime_Core_constructObject__I)
                  00002a48    000000bc     sysbios.aem4f : BIOS.obj (.text:ti_sysbios_family_arm_m3_Hwi_excDebugMon__I)
                  00002b04    00000004     empty_pem4f.oem4f (.text:ti_sysbios_knl_Clock_TimerProxy_getMaxTicks__E)
                  00002b08    000000bc     sysbios.aem4f : BIOS.obj (.text:ti_sysbios_family_arm_m3_Hwi_excHardFault__I)
                  00002bc4    000000b8     EK_TM4C129EXL.obj (.text:EK_TM4C129EXL_initGeneral)
                  00002c7c    00000004     empty_pem4f.oem4f (.text:ti_sysbios_knl_Queue_destruct)
                  00002c80    000000b4     sysbios.aem4f : BIOS.obj (.text:ti_sysbios_gates_GateMutex_enter__E)
                  00002d34    00000004     empty_pem4f.oem4f (.text:ti_sysbios_knl_Semaphore_destruct)
                  00002d38    000000b4     sysbios.aem4f : BIOS.obj (.text:ti_sysbios_knl_Task_checkStacks__E)
                  00002dec    00000004     ti.targets.arm.rtsarm.aem4f : Error.oem4f (.text:xdc_runtime_Error_getSite__E)
                  00002df0    000000ac     sysbios.aem4f : BIOS.obj (.text:ti_sysbios_family_arm_lm4_Timer_enableTiva__I)
                  00002e9c    00000004     empty_pem4f.oem4f (.text:xdc_runtime_System_Module_GateProxy_enter__E)
                  00002ea0    000000a8     sysbios.aem4f : BIOS.obj (.text:ti_sysbios_family_arm_lm4_Timer_enableTimers__I)
                  00002f48    000000a8                   : BIOS.obj (.text:ti_sysbios_knl_Task_postInit__I)
                  00002ff0    000000a0     auto_init.aem4f : auto_init.oem4f (.text)
                  00003090    000000a0     ti.targets.arm.rtsarm.aem4f : Text.oem4f (.text:xdc_runtime_Text_putMod__E)
                  00003130    0000009c     rtsv7M4_T_le_v4SPD16_eabi.lib : memcpy_t2.obj (.text)
                  000031cc    00000004     empty_pem4f.oem4f (.text:xdc_runtime_System_Module_GateProxy_leave__E)
                  000031d0    0000009c     sysbios.aem4f : BIOS.obj (.text:ti_sysbios_knl_Semaphore_Instance_init__E)
                  0000326c    0000009a     ti.targets.arm.rtsarm.aem4f : Text.oem4f (.text:xdc_runtime_Text_putSite__E)
                  00003306    00000002     empty_pem4f.oem4f (.text:ti_sysbios_BIOS_nullFunc__I)
                  00003308    00000098     Boot.aem4f : Boot.oem4f (.text:ti_catalog_arm_cortexm4_tiva_ce_Boot_sysCtlClockFreqSet__E)
                  000033a0    00000094     sysbios.aem4f : BIOS.obj (.text:ti_sysbios_family_arm_m3_Hwi_Instance_init__E)
                  00003434    00000004     ti.targets.arm.rtsarm.aem4f : System.oem4f (.text:xdc_runtime_System_aprintf_va__F)
                  00003438    00000094     sysbios.aem4f : BIOS.obj (.text:ti_sysbios_family_arm_m3_Hwi_initNVIC__E)
                  000034cc    0000008c     drivers_tivaware.aem4f : GPIOTiva.oem4f (.text:GPIO_init)
                  00003558    0000008c     sysbios.aem4f : m3_TaskSupport_asm.obj (.text:ti_sysbios_family_arm_m3_TaskSupport_buildTaskStack)
                  000035e4    00000004     ti.targets.arm.rtsarm.aem4f : System.oem4f (.text:xdc_runtime_System_printf_va__F)
                  000035e8    00000084     sysbios.aem4f : BIOS.obj (.text:ti_sysbios_family_arm_m3_Hwi_postInit__I)
                  0000366c    0000007a     rtsv7M4_T_le_v4SPD16_eabi.lib : memset_t2.obj (.text)
                  000036e6    00000002     empty_pem4f.oem4f (.text:xdc_runtime_Startup_reset__I)
                  000036e8    00000070     sysbios.aem4f : BIOS.obj (.text:ti_sysbios_knl_Clock_workFunc__E)
                  00003758    00000070                   : BIOS.obj (.text:ti_sysbios_knl_Task_exit__E)
                  000037c8    0000006d     ti.targets.arm.rtsarm.aem4f : System.oem4f (.text:xdc_runtime_System_formatNum__I)
                  00003835    00000003     --HOLE-- [fill = 0]
                  00003838    0000006c     sysbios.aem4f : BIOS.obj (.text:ti_sysbios_knl_Swi_restoreHwi__E)
                  000038a4    0000006c     ti.targets.arm.rtsarm.aem4f : Error.oem4f (.text:xdc_runtime_Error_print__E)
                  00003910    0000006c                                 : Memory.oem4f (.text:xdc_runtime_Memory_alloc__E)
                  0000397c    00000068     rtsv7M4_T_le_v4SPD16_eabi.lib : copy_decompress_lzss.obj (.text:decompress:lzss)
                  000039e4    00000068                                   : trgmsg.obj (.text)
                  00003a4c    00000066     ti.targets.arm.rtsarm.aem4f : Core-mem.oem4f (.text:xdc_runtime_Core_deleteObject__I)
                  00003ab2    00000002     --HOLE-- [fill = 0]
                  00003ab4    00000064     drivers_tivaware.aem4f : GPIOTiva.oem4f (.text:GPIO_hwiIntFxn)
                  00003b18    00000064     sysbios.aem4f : BIOS.obj (.text:ti_sysbios_family_arm_lm4_Timer_Module_startup__E)
                  00003b7c    00000064     empty_pem4f.oem4f (.text:ti_sysbios_family_arm_m3_Hwi_create)
                  00003be0    00000064     sysbios.aem4f : BIOS.obj (.text:ti_sysbios_family_arm_m3_Hwi_dispatchC__I)
                  00003c44    00000004     --HOLE-- [fill = 0]
                  00003c48    00000060                   : BIOS.obj (.text:ti_sysbios_family_arm_lm4_Timer_isrStub__E)
                  00003ca8    00000060                   : BIOS.obj (.text:ti_sysbios_knl_Task_schedule__I)
                  00003d08    0000005c                   : BIOS.obj (.text:ti_sysbios_knl_Swi_run__I)
                  00003d64    00000004     --HOLE-- [fill = 0]
                  00003d68    0000005c                   : BIOS.obj (.text:ti_sysbios_knl_Swi_schedule__I)
                  00003dc4    00000004     --HOLE-- [fill = 0]
                  00003dc8    0000005c                   : BIOS.obj (.text:ti_sysbios_knl_Task_Module_startup__E)
                  00003e24    00000004     --HOLE-- [fill = 0]
                  00003e28    0000005c                   : BIOS.obj (.text:ti_sysbios_knl_Task_startCore__E)
                  00003e84    0000005b     ti.targets.arm.rtsarm.aem4f : Text.oem4f (.text:xdc_runtime_Text_putLab__E)
                  00003edf    00000001     --HOLE-- [fill = 0]
                  00003ee0    00000058     boot.aem4f : boot.oem4f (.text)
                  00003f38    00000058     rtsv7M4_T_le_v4SPD16_eabi.lib : hostwrite.obj (.text)
                  00003f90    00000058     sysbios.aem4f : m3_Hwi_asm_switch.obj (.text:ti_sysbios_family_arm_m3_Hwi_initStacks__E)
                  00003fe8    00000056     driverlib.lib : gpio.obj (.text:GPIOIntTypeSet)
                  0000403e    00000002     --HOLE-- [fill = 0]
                  00004040    00000054     rtsv7M4_T_le_v4SPD16_eabi.lib : exit.obj (.text)
                  00004094    00000054     empty_pem4f.oem4f (.text:ti_sysbios_knl_Task_construct)
                  000040e8    00000054     ti.targets.arm.rtsarm.aem4f : Assert.oem4f (.text:xdc_runtime_Assert_raise__I)
                  0000413c    00000050     drivers_tivaware.aem4f : GPIOTiva.oem4f (.text:GPIO_setCallback)
                  0000418c    00000050                            : GPIOTiva.oem4f (.text:GPIO_toggle)
                  000041dc    00000050                            : GPIOTiva.oem4f (.text:GPIO_write)
                  0000422c    00000050     Boot.aem4f : Boot_sysctl.oem4f (.text:_SysCtlFrequencyGet)
                  0000427c    00000004     --HOLE-- [fill = 0]
                  00004280    00000050     sysbios.aem4f : BIOS.obj (.text:ti_sysbios_family_arm_m3_Hwi_Module_startup__E)
                  000042d0    00000050     ti.targets.arm.rtsarm.aem4f : Startup.oem4f (.text:xdc_runtime_Startup_exec__E)
                  00004320    00000050                                 : Text.oem4f (.text:xdc_runtime_Text_visitRope2__I)
                  00004370    0000004c     rtsv7M4_T_le_v4SPD16_eabi.lib : cpy_tbl.obj (.text)
                  000043bc    00000004     --HOLE-- [fill = 0]
                  000043c0    0000004c     sysbios.aem4f : BIOS.obj (.text:ti_sysbios_heaps_HeapMem_getStats__E)
                  0000440c    00000004     --HOLE-- [fill = 0]
                  00004410    0000004c                   : BIOS.obj (.text:ti_sysbios_knl_Swi_runLoop__I)
                  0000445c    00000004     --HOLE-- [fill = 0]
                  00004460    0000004c                   : BIOS.obj (.text:ti_sysbios_knl_Task_allBlockedFunction__I)
                  000044ac    00000004     --HOLE-- [fill = 0]
                  000044b0    00000048                   : BIOS.obj (.text:ti_sysbios_family_arm_m3_Hwi_disableInterrupt__E)
                  000044f8    00000048                   : BIOS.obj (.text:ti_sysbios_family_arm_m3_Hwi_enableInterrupt__E)
                  00004540    00000048                   : BIOS.obj (.text:ti_sysbios_family_arm_m3_Hwi_excReserved__I)
                  00004588    00000046     ti.targets.arm.rtsarm.aem4f : Core-params.oem4f (.text:xdc_runtime_Core_assignParams__I)
                  000045ce    00000002     --HOLE-- [fill = 0]
                  000045d0    00000044     sysbios.aem4f : BIOS.obj (.text:ti_sysbios_family_arm_m3_Hwi_getStackInfo__E)
                  00004614    00000004     --HOLE-- [fill = 0]
                  00004618    00000044                   : BIOS.obj (.text:ti_sysbios_knl_Swi_post__E)
                  0000465c    00000044     ti.targets.arm.rtsarm.aem4f : Error.oem4f (.text:xdc_runtime_Error_setX__E)
                  000046a0    00000044                                 : SysMin.oem4f (.text:xdc_runtime_SysMin_flush__E)
                  000046e4    00000044                                 : Text.oem4f (.text:xdc_runtime_Text_xprintf__I)
                  00004728    00000040     rtsv7M4_T_le_v4SPD16_eabi.lib : u_divt2.obj (.text)
                  00004768    00000040     sysbios.aem4f : BIOS.obj (.text:ti_sysbios_family_arm_lm4_Timer_startup__E)
                  000047a8    0000003c                   : BIOS.obj (.text:ti_sysbios_family_arm_m3_Hwi_excSvCall__I)
                  000047e4    00000004     --HOLE-- [fill = 0]
                  000047e8    0000003c                   : BIOS.obj (.text:ti_sysbios_heaps_HeapMem_init__I)
                  00004824    00000004     --HOLE-- [fill = 0]
                  00004828    0000003c                   : BIOS.obj (.text:ti_sysbios_knl_Swi_restore__E)
                  00004864    00000038     empty.obj (.text:tarea2)
                  0000489c    00000038     empty.obj (.text:tarea3)
                  000048d4    00000004     --HOLE-- [fill = 0]
                  000048d8    00000038     sysbios.aem4f : BIOS.obj (.text:ti_sysbios_family_arm_m3_Hwi_excNoIsr__I)
                  00004910    00000038                   : BIOS.obj (.text:ti_sysbios_knl_Task_processVitalTaskFlag__I)
                  00004948    00000038     ti.targets.arm.rtsarm.aem4f : SysMin.oem4f (.text:xdc_runtime_SysMin_putch__E)
                  00004980    00000038                                 : System.oem4f (.text:xdc_runtime_System_atexit__E)
                  000049b8    00000034     driverlib.lib : sysctl.obj (.text:SysCtlPeripheralEnable)
                  000049ec    00000004     --HOLE-- [fill = 0]
                  000049f0    00000034     sysbios.aem4f : BIOS.obj (.text:ti_sysbios_family_arm_m3_Hwi_Instance_finalize__E)
                  00004a24    00000004     --HOLE-- [fill = 0]
                  00004a28    00000034                   : BIOS.obj (.text:ti_sysbios_family_arm_m3_Hwi_excNmi__I)
                  00004a5c    00000004     --HOLE-- [fill = 0]
                  00004a60    00000034                   : BIOS.obj (.text:ti_sysbios_hal_Hwi_checkStack)
                  00004a94    00000034     ti.targets.arm.rtsarm.aem4f : Core-label.oem4f (.text:xdc_runtime_Core_assignLabel__I)
                  00004ac8    00000033                                 : Text.oem4f (.text:xdc_runtime_Text_printVisFxn__I)
                  00004afb    00000005     --HOLE-- [fill = 0]
                  00004b00    00000032     sysbios.aem4f : BIOS.obj (.text:ti_sysbios_hal_Hwi_initStack)
                  00004b32    00000002     --HOLE-- [fill = 0]
                  00004b34    00000030     empty_pem4f.oem4f (.text:ti_sysbios_BIOS_atExitFunc__I)
                  00004b64    00000004     --HOLE-- [fill = 0]
                  00004b68    00000030     sysbios.aem4f : BIOS.obj (.text:ti_sysbios_family_arm_lm4_Timer_stop__E)
                  00004b98    00000030                   : BIOS.obj (.text:ti_sysbios_family_arm_m3_TaskSupport_start__E)
                  00004bc8    00000030     empty_pem4f.oem4f (.text:ti_sysbios_gates_GateHwi_Object__create__S)
                  00004bf8    00000030     empty_pem4f.oem4f (.text:ti_sysbios_gates_GateMutex_Object__create__S)
                  00004c28    00000030     empty_pem4f.oem4f (.text:ti_sysbios_heaps_HeapMem_Object__create__S)
                  00004c58    00000030     empty_pem4f.oem4f (.text:ti_sysbios_knl_Semaphore_construct)
                  00004c88    00000030     sysbios.aem4f : BIOS.obj (.text:ti_sysbios_knl_Semaphore_pendTimeout__I)
                  00004cb8    00000030                   : BIOS.obj (.text:ti_sysbios_knl_Task_unblockI__E)
                  00004ce8    00000030     ti.targets.arm.rtsarm.aem4f : SysMin.oem4f (.text:xdc_runtime_SysMin_abort__E)
                  00004d18    00000030                                 : System.oem4f (.text:xdc_runtime_System_processAtExit__E)
                  00004d48    0000002c     empty_pem4f.oem4f (.text:ti_sysbios_knl_Clock_doTick__I)
                  00004d74    0000002c     empty_pem4f.oem4f (.text:ti_sysbios_knl_Queue_construct)
                  00004da0    0000002c     sysbios.aem4f : BIOS.obj (.text:ti_sysbios_knl_Task_restore__E)
                  00004dcc    0000002c     ti.targets.arm.rtsarm.aem4f : Text.oem4f (.text:xdc_runtime_Text_cordText__E)
                  00004df8    0000002a     driverlib.lib : gpio.obj (.text:GPIODirModeSet)
                  00004e22    0000002a     ti.targets.arm.rtsarm.aem4f : System.oem4f (.text:xdc_runtime_System_putchar__I)
                  00004e4c    00000004     --HOLE-- [fill = 0]
                  00004e50    00000028     sysbios.aem4f : BIOS.obj (.text:ti_sysbios_knl_Swi_Module_startup__E)
                  00004e78    00000026                   : m3_Hwi_asm.obj (.text:ti_sysbios_family_arm_m3_Hwi_pendSV__I)
                  00004e9e    00000026     ti.targets.arm.rtsarm.aem4f : System.oem4f (.text:xdc_runtime_System_avprintf__E)
                  00004ec4    00000024     empty_pem4f.oem4f (.text:ti_sysbios_BIOS_errorRaiseHook__I)
                  00004ee8    00000024     empty_pem4f.oem4f (.text:ti_sysbios_BIOS_registerRTSLock__I)
                  00004f0c    00000024     empty_pem4f.oem4f (.text:ti_sysbios_BIOS_removeRTSLock__I)
                  00004f30    00000024     empty_pem4f.oem4f (.text:ti_sysbios_BIOS_startFunc__I)
                  00004f54    00000024     empty_pem4f.oem4f (.text:ti_sysbios_gates_GateMutex_Object__delete__S)
                  00004f78    00000024     sysbios.aem4f : BIOS.obj (.text:ti_sysbios_knl_Clock_Module_startup__E)
                  00004f9c    00000004     --HOLE-- [fill = 0]
                  00004fa0    00000024                   : BIOS.obj (.text:ti_sysbios_knl_Task_restoreHwi__E)
                  00004fc4    00000024     ti.targets.arm.rtsarm.aem4f : System.oem4f (.text:xdc_runtime_System_vprintf__E)
                  00004fe8    00000022     sysbios.aem4f : BIOS.obj (.text:ti_sysbios_family_arm_lm4_Timer_write__I)
                  0000500a    00000022     empty_pem4f.oem4f (.text:xdc_runtime_SysMin_output__I)
                  0000502c    00000020     Boot.aem4f : Boot_sysctl.oem4f (.text:_SysCtlMemTimingGet)
                  0000504c    00000020     empty_pem4f.oem4f (.text:ti_sysbios_BIOS_rtsLock__I)
                  0000506c    00000020     sysbios.aem4f : m3_Hwi_asm.obj (.text:ti_sysbios_family_arm_m3_Hwi_excHandlerAsm__I)
                  0000508c    00000004     --HOLE-- [fill = 0]
                  00005090    00000020                   : BIOS.obj (.text:ti_sysbios_family_arm_m3_Hwi_excHandler__I)
                  000050b0    00000020     empty_pem4f.oem4f (.text:ti_sysbios_gates_GateHwi_Object__delete__S)
                  000050d0    00000020     empty_pem4f.oem4f (.text:ti_sysbios_heaps_HeapMem_Object__delete__S)
                  000050f0    00000020     sysbios.aem4f : BIOS.obj (.text:ti_sysbios_knl_Idle_run__E)
                  00005110    00000020     empty_pem4f.oem4f (.text:ti_sysbios_knl_Semaphore_Object__destruct__S)
                  00005130    00000020     ti.targets.arm.rtsarm.aem4f : Registry.oem4f (.text:xdc_runtime_Registry_findById__E)
                  00005150    00000020                                 : SysMin.oem4f (.text:xdc_runtime_SysMin_Module_startup__E)
                  00005170    0000001e     sysbios.aem4f : m3_Hwi_asm_switch.obj (.text:ti_sysbios_family_xxx_Hwi_switchAndRunFunc)
                  0000518e    0000001c     drivers_tivaware.aem4f : GPIOTiva.oem4f (.text:getGpioIntIndex)
                  000051aa    00000006     driverlib.lib : gpio.obj (.text:GPIOIntClear)
                  000051b0    0000001c     sysbios.aem4f : BIOS.obj (.text:ti_sysbios_gates_GateMutex_Instance_init__E)
                  000051cc    0000001c     empty_pem4f.oem4f (.text:ti_sysbios_knl_Queue_Object__destruct__S)
                  000051e8    0000001c     sysbios.aem4f : BIOS.obj (.text:ti_sysbios_knl_Task_enter__I)
                  00005204    0000001c     ti.targets.arm.rtsarm.aem4f : Error.oem4f (.text:xdc_runtime_Error_raiseX__E)
                  00005220    0000001c                                 : Memory.oem4f (.text:xdc_runtime_Memory_valloc__E)
                  0000523c    0000001c                                 : SysMin.oem4f (.text:xdc_runtime_SysMin_exit__E)
                  00005258    0000001c                                 : System.oem4f (.text:xdc_runtime_System_abort__E)
                  00005274    0000001a     empty_pem4f.oem4f (.text:ti_sysbios_family_arm_m3_Hwi_Handle__label__S)
                  0000528e    0000001a     empty_pem4f.oem4f (.text:ti_sysbios_gates_GateHwi_Handle__label__S)
                  000052a8    0000001a     empty_pem4f.oem4f (.text:ti_sysbios_gates_GateMutex_Handle__label__S)
                  000052c2    0000001a     empty_pem4f.oem4f (.text:ti_sysbios_heaps_HeapMem_Handle__label__S)
                  000052dc    0000001a     empty_pem4f.oem4f (.text:ti_sysbios_knl_Swi_Handle__label__S)
                  000052f6    0000001a     empty_pem4f.oem4f (.text:ti_sysbios_knl_Task_Handle__label__S)
                  00005310    0000001a     empty_pem4f.oem4f (.text:xdc_runtime_System_aprintf__E)
                  0000532a    0000001a     empty_pem4f.oem4f (.text:xdc_runtime_System_printf__E)
                  00005344    00000018     driverlib.lib : gpio.obj (.text:GPIOPinTypeGPIOOutput)
                  0000535c    00000018     rtsv7M4_T_le_v4SPD16_eabi.lib : args_main.obj (.text)
                  00005374    00000018     empty_pem4f.oem4f (.text:ti_sysbios_BIOS_rtsUnlock__I)
                  0000538c    00000018     empty_pem4f.oem4f (.text:ti_sysbios_family_arm_lm4_Timer_Module__startupDone__F)
                  000053a4    00000018     empty_pem4f.oem4f (.text:ti_sysbios_family_arm_m3_Hwi_Module__startupDone__F)
                  000053bc    00000018     sysbios.aem4f : m3_TaskSupport_asm.obj (.text:ti_sysbios_family_arm_m3_TaskSupport_swap__E)
                  000053d4    00000004     --HOLE-- [fill = 0]
                  000053d8    00000018                   : BIOS.obj (.text:ti_sysbios_gates_GateMutex_leave__E)
                  000053f0    00000018                   : BIOS.obj (.text:ti_sysbios_knl_Task_sleepTimeout__I)
                  00005408    00000018     ti.targets.arm.rtsarm.aem4f : Error.oem4f (.text:xdc_runtime_Error_check__E)
                  00005420    00000018                                 : System.oem4f (.text:xdc_runtime_System_exit__E)
                  00005438    00000018                                 : Text.oem4f (.text:xdc_runtime_Text_ropeText__E)
                  00005450    00000016     empty_pem4f.oem4f (.text:ti_sysbios_BIOS_exitFunc__I)
                  00005466    00000016     empty.obj (.text:ti_sysbios_knl_Task_Params_init)
                  0000547c    00000014     empty.obj (.text:heartBeatFxn)
                  00005490    00000014     rtsv7M4_T_le_v4SPD16_eabi.lib : _lock.obj (.text)
                  000054a4    00000014                                   : strlen.obj (.text)
                  000054b8    00000014     empty.obj (.text:tarea1)
                  000054cc    00000014     empty_pem4f.oem4f (.text:ti_sysbios_family_arm_m3_Hwi_Object__get__S)
                  000054e0    00000014     sysbios.aem4f : BIOS.obj (.text:ti_sysbios_family_arm_m3_Hwi_switchFromBootStack__E)
                  000054f4    00000014     empty_pem4f.oem4f (.text:ti_sysbios_heaps_HeapMem_Object__get__S)
                  00005508    00000014     empty_pem4f.oem4f (.text:ti_sysbios_knl_Swi_Object__get__S)
                  0000551c    00000004     --HOLE-- [fill = 0]
                  00005520    00000012     sysbios.aem4f : BIOS.obj (.text:ti_sysbios_hal_Hwi_Module_startup__E)
                  00005532    00000012     empty_pem4f.oem4f (.text:xdc_runtime_Startup_exec__I)
                  00005544    00000010     empty_pem4f.oem4f (.text:.bootCodeSection:ti_catalog_arm_cortexm4_tiva_ce_Boot_init__I)
                  00005554    00000004     --HOLE-- [fill = 0]
                  00005558    00000010     sysbios.aem4f : BIOS.obj (.text:ti_sysbios_BIOS_setThreadType__E)
                  00005568    00000010                   : BIOS.obj (.text:ti_sysbios_BIOS_start__E)
                  00005578    00000010                   : m3_TaskSupport_asm.obj (.text:ti_sysbios_family_arm_m3_TaskSupport_glue)
                  00005588    00000010                   : BIOS.obj (.text:ti_sysbios_gates_GateMutex_Instance_finalize__E)
                  00005598    00000010                   : BIOS.obj (.text:ti_sysbios_knl_Semaphore_Instance_finalize__E)
                  000055a8    00000010                   : BIOS.obj (.text:ti_sysbios_knl_Swi_disable__E)
                  000055b8    00000010     empty_pem4f.oem4f (.text:ti_sysbios_knl_Task_Object__get__S)
                  000055c8    00000010     sysbios.aem4f : BIOS.obj (.text:ti_sysbios_knl_Task_disable__E)
                  000055d8    00000010     ti.targets.arm.rtsarm.aem4f : Gate.oem4f (.text:xdc_runtime_Gate_leaveSystem__E)
                  000055e8    00000010                                 : Memory.oem4f (.text:xdc_runtime_Memory_free__E)
                  000055f8    00000010                                 : SysMin.oem4f (.text:xdc_runtime_SysMin_ready__E)
                  00005608    00000010                                 : System.oem4f (.text:xdc_runtime_System_vsnprintf__E)
                  00005618    00000010     empty_pem4f.oem4f (.text:xdc_runtime_Text_visitRope__I)
                  00005628    0000000e     driverlib.lib : gpio.obj (.text:GPIOIntStatus)
                  00005636    0000000e     rtsv7M4_T_le_v4SPD16_eabi.lib : copy_decompress_none.obj (.text:decompress:none)
                  00005644    00000004     --HOLE-- [fill = 0]
                  00005648    0000000e     sysbios.aem4f : BIOS.obj (.text:ti_sysbios_knl_Idle_loop__E)
                  00005656    00000002     --HOLE-- [fill = 0]
                  00005658    0000000e                   : BIOS.obj (.text:ti_sysbios_knl_Queue_empty__E)
                  00005666    0000000c     rtsv7M4_T_le_v4SPD16_eabi.lib : copy_zero_init.obj (.text:decompress:ZI)
                  00005672    00000006     driverlib.lib : gpio.obj (.text:GPIOPinRead)
                  00005678    0000000c     sysbios.aem4f : BIOS.obj (.text:ti_sysbios_family_arm_lm4_Timer_getMaxTicks__E)
                  00005684    0000000c     empty_pem4f.oem4f (.text:ti_sysbios_family_arm_m3_Hwi_Params__init__S)
                  00005690    0000000c     sysbios.aem4f : BIOS.obj (.text:ti_sysbios_family_arm_m3_Hwi_disableFxn__E)
                  0000569c    00000004     --HOLE-- [fill = 0]
                  000056a0    0000000c                   : BIOS.obj (.text:ti_sysbios_family_arm_m3_TaskSupport_checkStack__E)
                  000056ac    00000004     --HOLE-- [fill = 0]
                  000056b0    0000000c                   : BIOS.obj (.text:ti_sysbios_family_arm_m3_TaskSupport_getStackAlignment__E)
                  000056bc    00000004     --HOLE-- [fill = 0]
                  000056c0    0000000c                   : BIOS.obj (.text:ti_sysbios_gates_GateHwi_enter__E)
                  000056cc    0000000c     empty_pem4f.oem4f (.text:ti_sysbios_knl_Queue_Object__get__S)
                  000056d8    0000000c     empty_pem4f.oem4f (.text:ti_sysbios_knl_Task_Params__init__S)
                  000056e4    0000000c     ti.targets.arm.rtsarm.aem4f : Error.oem4f (.text:xdc_runtime_Error_init__E)
                  000056f0    0000000c                                 : Gate.oem4f (.text:xdc_runtime_Gate_enterSystem__E)
                  000056fc    0000000c                                 : Memory.oem4f (.text:xdc_runtime_Memory_calloc__E)
                  00005708    0000000c                                 : Memory.oem4f (.text:xdc_runtime_Memory_getMaxDefaultTypeAlign__E)
                  00005714    0000000a     empty_pem4f.oem4f (.text:xdc_runtime_IHeap_alloc)
                  0000571e    0000000a     empty_pem4f.oem4f (.text:xdc_runtime_IHeap_free)
                  00005728    00000008     EK_TM4C129EXL.obj (.text:EK_TM4C129EXL_initGPIO)
                  00005730    00000008     sysbios.aem4f : BIOS.obj (.text:ti_sysbios_family_arm_lm4_Timer_masterDisable__I)
                  00005738    00000008                   : BIOS.obj (.text:ti_sysbios_family_arm_m3_Hwi_doSwiRestore__I)
                  00005740    00000008                   : BIOS.obj (.text:ti_sysbios_family_arm_m3_Hwi_startup__E)
                  00005748    00000006     driverlib.lib : gpio.obj (.text:GPIOPinWrite)
                  0000574e    00000002     --HOLE-- [fill = 0]
                  00005750    00000006     sysbios.aem4f : BIOS.obj (.text:ti_sysbios_family_arm_m3_Hwi_doTaskRestore__I)
                  00005756    00000002     --HOLE-- [fill = 0]
                  00005758    00000006                   : BIOS.obj (.text:ti_sysbios_family_arm_m3_Hwi_restoreFxn__E)
                  0000575e    00000002     --HOLE-- [fill = 0]
                  00005760    00000006                   : BIOS.obj (.text:ti_sysbios_gates_GateHwi_leave__E)
                  00005766    00000002     --HOLE-- [fill = 0]
                  00005768    00000006                   : BIOS.obj (.text:ti_sysbios_heaps_HeapMem_isBlocking__E)
                  0000576e    00000002     --HOLE-- [fill = 0]
                  00005770    00000006                   : BIOS.obj (.text:ti_sysbios_knl_Queue_Instance_init__E)
                  00005776    00000002     --HOLE-- [fill = 0]
                  00005778    00000006                   : BIOS.obj (.text:ti_sysbios_knl_Swi_startup__E)
                  0000577e    00000006     ti.targets.arm.rtsarm.aem4f : System.oem4f (.text:xdc_runtime_System_Module_startup__E)
                  00005784    00000004     --HOLE-- [fill = 0]
                  00005788    00000004     sysbios.aem4f : BIOS.obj (.text:ti_sysbios_gates_GateHwi_query__E)
                  0000578c    00000004     --HOLE-- [fill = 0]
                  00005790    00000004                   : BIOS.obj (.text:ti_sysbios_gates_GateMutex_query__E)
                  00005794    00000004     --HOLE-- [fill = 0]
                  00005798    00000004                   : BIOS.obj (.text:ti_sysbios_knl_Task_startup__E)
                  0000579c    00000004     --HOLE-- [fill = 0]
                  000057a0    00000002                   : BIOS.obj (.text:ti_sysbios_gates_GateHwi_Instance_init__E)
                  000057a2    00000006     --HOLE-- [fill = 0]
                  000057a8    00000002                   : BIOS.obj (.text:ti_sysbios_knl_Clock_logTick__E)

.const     0    000057ac    0000204e     
                  000057ac    00001861     empty_pem4f.oem4f (.const:xdc_runtime_Text_charTab__A)
                  0000700d    00000001     empty_pem4f.oem4f (.const:xdc_runtime_Error_policy__C)
                  0000700e    00000002     empty_pem4f.oem4f (.const:ti_catalog_arm_cortexm4_tiva_ce_Boot_Module__id__C)
                  00007010    00000120     Boot.aem4f : Boot_sysctl.oem4f (.const:g_pppui32XTALtoVCO)
                  00007130    000000bc     empty_pem4f.oem4f (.const:xdc_runtime_Text_nodeTab__A)
                  000071ec    0000006c     Boot.aem4f : Boot_sysctl.oem4f (.const:g_pui32Xtals)
                  00007258    00000054     drivers_tivaware.aem4f : GPIOTiva.oem4f (.const:.string)
                  000072ac    00000048     empty_pem4f.oem4f (.const:.string)
                  000072f4    00000048     drivers_tivaware.aem4f : GPIOTiva.oem4f (.const:gpioBaseAddresses)
                  0000733c    0000003c     empty_pem4f.oem4f (.const:ti_sysbios_knl_Task_Object__PARAMS__C)
                  00007378    00000030     Boot.aem4f : Boot_sysctl.oem4f (.const:g_sXTALtoMEMTIM)
                  000073a8    00000030     empty_pem4f.oem4f (.const:ti_sysbios_family_arm_m3_Hwi_Object__PARAMS__C)
                  000073d8    00000028     empty_pem4f.oem4f (.const:ti_sysbios_heaps_HeapMem_Module__FXNS__C)
                  00007400    00000024     empty_pem4f.oem4f (.const:ti_sysbios_gates_GateHwi_Module__FXNS__C)
                  00007424    00000024     empty_pem4f.oem4f (.const:ti_sysbios_gates_GateMutex_Module__FXNS__C)
                  00007448    00000024     empty_pem4f.oem4f (.const:ti_sysbios_heaps_HeapMem_Object__PARAMS__C)
                  0000746c    00000024     empty_pem4f.oem4f (.const:ti_sysbios_knl_Semaphore_Object__PARAMS__C)
                  00007490    00000020     empty_pem4f.oem4f (.const:ti_sysbios_family_arm_m3_Hwi_Object__DESC__C)
                  000074b0    00000020     empty_pem4f.oem4f (.const:ti_sysbios_gates_GateHwi_Object__DESC__C)
                  000074d0    00000020     empty_pem4f.oem4f (.const:ti_sysbios_gates_GateMutex_Object__DESC__C)
                  000074f0    00000020     empty_pem4f.oem4f (.const:ti_sysbios_heaps_HeapMem_Object__DESC__C)
                  00007510    00000020     empty_pem4f.oem4f (.const:ti_sysbios_knl_Queue_Object__DESC__C)
                  00007530    00000020     empty_pem4f.oem4f (.const:ti_sysbios_knl_Semaphore_Object__DESC__C)
                  00007550    00000020     empty_pem4f.oem4f (.const:ti_sysbios_knl_Task_Object__DESC__C)
                  00007570    00000020     empty_pem4f.oem4f (.const:xdc_runtime_Startup_sfxnTab__A)
                  00007590    00000018     empty_pem4f.oem4f (.const:ti_sysbios_gates_GateHwi_Object__PARAMS__C)
                  000075a8    00000018     empty_pem4f.oem4f (.const:ti_sysbios_gates_GateMutex_Object__PARAMS__C)
                  000075c0    00000018     empty_pem4f.oem4f (.const:ti_sysbios_knl_Queue_Object__PARAMS__C)
                  000075d8    00000014     EK_TM4C129EXL.obj (.const:GPIOTiva_config)
                  000075ec    00000014     empty_pem4f.oem4f (.const:xdc_runtime_Startup_firstFxns__A)
                  00007600    00000010     empty_pem4f.oem4f (.const:xdc_runtime_Startup_sfxnRts__A)
                  00007610    00000008     Boot.aem4f : Boot_sysctl.oem4f (.const)
                  00007618    00000008     empty_pem4f.oem4f (.const:ti_sysbios_family_arm_m3_Hwi_excHookFuncs__A)
                  00007620    00000008     empty_pem4f.oem4f (.const:ti_sysbios_knl_Idle_funcList__C)
                  00007628    00000008     empty_pem4f.oem4f (.const:xdc_runtime_Startup_firstFxns__C)
                  00007630    00000008     empty_pem4f.oem4f (.const:xdc_runtime_Startup_lastFxns__C)
                  00007638    00000004     empty_pem4f.oem4f (.const:ti_catalog_arm_cortexm4_tiva_ce_Boot_A_mustNotUseEnhancedClockMode__C)
                  0000763c    00000004     empty_pem4f.oem4f (.const:ti_catalog_arm_cortexm4_tiva_ce_Boot_Module__diagsEnabled__C)
                  00007640    00000004     empty_pem4f.oem4f (.const:ti_catalog_arm_cortexm4_tiva_ce_Boot_Module__diagsIncluded__C)
                  00007644    00000004     empty_pem4f.oem4f (.const:ti_catalog_arm_cortexm4_tiva_ce_Boot_Module__diagsMask__C)
                  00007648    00000004     empty_pem4f.oem4f (.const:ti_sysbios_family_arm_lm4_Timer_enableFunc__C)
                  0000764c    00000004     empty_pem4f.oem4f (.const:ti_sysbios_family_arm_lm4_Timer_numTimerDevices__C)
                  00007650    00000004     empty_pem4f.oem4f (.const:ti_sysbios_family_arm_lm4_Timer_startupNeeded__C)
                  00007654    00000004     empty_pem4f.oem4f (.const:ti_sysbios_family_arm_m3_Hwi_E_NMI__C)
                  00007658    00000004     empty_pem4f.oem4f (.const:ti_sysbios_family_arm_m3_Hwi_E_alreadyDefined__C)
                  0000765c    00000004     empty_pem4f.oem4f (.const:ti_sysbios_family_arm_m3_Hwi_E_busFault__C)
                  00007660    00000004     empty_pem4f.oem4f (.const:ti_sysbios_family_arm_m3_Hwi_E_debugMon__C)
                  00007664    00000004     empty_pem4f.oem4f (.const:ti_sysbios_family_arm_m3_Hwi_E_hardFault__C)
                  00007668    00000004     empty_pem4f.oem4f (.const:ti_sysbios_family_arm_m3_Hwi_E_memFault__C)
                  0000766c    00000004     empty_pem4f.oem4f (.const:ti_sysbios_family_arm_m3_Hwi_E_noIsr__C)
                  00007670    00000004     empty_pem4f.oem4f (.const:ti_sysbios_family_arm_m3_Hwi_E_reserved__C)
                  00007674    00000004     empty_pem4f.oem4f (.const:ti_sysbios_family_arm_m3_Hwi_E_svCall__C)
                  00007678    00000004     empty_pem4f.oem4f (.const:ti_sysbios_family_arm_m3_Hwi_E_usageFault__C)
                  0000767c    00000004     empty_pem4f.oem4f (.const:ti_sysbios_family_arm_m3_Hwi_NUM_INTERRUPTS__C)
                  00007680    00000004     empty_pem4f.oem4f (.const:ti_sysbios_family_arm_m3_Hwi_Object__count__C)
                  00007684    00000004     empty_pem4f.oem4f (.const:ti_sysbios_family_arm_m3_Hwi_ccr__C)
                  00007688    00000004     empty_pem4f.oem4f (.const:ti_sysbios_family_arm_m3_Hwi_excHandlerFunc__C)
                  0000768c    00000004     empty_pem4f.oem4f (.const:ti_sysbios_family_arm_m3_Hwi_excHookFuncs__C)
                  00007690    00000004     empty_pem4f.oem4f (.const:ti_sysbios_family_arm_m3_Hwi_nullIsrFunc__C)
                  00007694    00000004     empty_pem4f.oem4f (.const:ti_sysbios_family_arm_m3_Hwi_priGroup__C)
                  00007698    00000004     empty_pem4f.oem4f (.const:ti_sysbios_family_arm_m3_TaskSupport_stackAlignment__C)
                  0000769c    00000004     empty_pem4f.oem4f (.const:ti_sysbios_gates_GateMutex_A_badContext__C)
                  000076a0    00000004     empty_pem4f.oem4f (.const:ti_sysbios_gates_GateMutex_Instance_State_sem__O)
                  000076a4    00000004     empty_pem4f.oem4f (.const:ti_sysbios_gates_GateMutex_Module__diagsEnabled__C)
                  000076a8    00000004     empty_pem4f.oem4f (.const:ti_sysbios_gates_GateMutex_Module__diagsIncluded__C)
                  000076ac    00000004     empty_pem4f.oem4f (.const:ti_sysbios_gates_GateMutex_Module__diagsMask__C)
                  000076b0    00000004     empty_pem4f.oem4f (.const:ti_sysbios_hal_Hwi_E_stackOverflow__C)
                  000076b4    00000004     empty_pem4f.oem4f (.const:ti_sysbios_heaps_HeapMem_A_align__C)
                  000076b8    00000004     empty_pem4f.oem4f (.const:ti_sysbios_heaps_HeapMem_A_heapSize__C)
                  000076bc    00000004     empty_pem4f.oem4f (.const:ti_sysbios_heaps_HeapMem_A_invalidFree__C)
                  000076c0    00000004     empty_pem4f.oem4f (.const:ti_sysbios_heaps_HeapMem_A_zeroBlock__C)
                  000076c4    00000004     empty_pem4f.oem4f (.const:ti_sysbios_heaps_HeapMem_E_memory__C)
                  000076c8    00000004     empty_pem4f.oem4f (.const:ti_sysbios_heaps_HeapMem_Module__diagsEnabled__C)
                  000076cc    00000004     empty_pem4f.oem4f (.const:ti_sysbios_heaps_HeapMem_Module__diagsIncluded__C)
                  000076d0    00000004     empty_pem4f.oem4f (.const:ti_sysbios_heaps_HeapMem_Module__diagsMask__C)
                  000076d4    00000004     empty_pem4f.oem4f (.const:ti_sysbios_heaps_HeapMem_Module__gateObj__C)
                  000076d8    00000004     empty_pem4f.oem4f (.const:ti_sysbios_heaps_HeapMem_Object__count__C)
                  000076dc    00000004     empty_pem4f.oem4f (.const:ti_sysbios_heaps_HeapMem_reqAlign__C)
                  000076e0    00000004     empty_pem4f.oem4f (.const:ti_sysbios_knl_Clock_Module_State_clockQ__O)
                  000076e4    00000004     empty_pem4f.oem4f (.const:ti_sysbios_knl_Idle_funcList__A)
                  000076e8    00000004     empty_pem4f.oem4f (.const:ti_sysbios_knl_Semaphore_A_badContext__C)
                  000076ec    00000004     empty_pem4f.oem4f (.const:ti_sysbios_knl_Semaphore_A_noEvents__C)
                  000076f0    00000004     empty_pem4f.oem4f (.const:ti_sysbios_knl_Semaphore_A_overflow__C)
                  000076f4    00000004     empty_pem4f.oem4f (.const:ti_sysbios_knl_Semaphore_A_pendTaskDisabled__C)
                  000076f8    00000004     empty_pem4f.oem4f (.const:ti_sysbios_knl_Semaphore_Instance_State_pendQ__O)
                  000076fc    00000004     empty_pem4f.oem4f (.const:ti_sysbios_knl_Semaphore_Module__diagsEnabled__C)
                  00007700    00000004     empty_pem4f.oem4f (.const:ti_sysbios_knl_Semaphore_Module__diagsIncluded__C)
                  00007704    00000004     empty_pem4f.oem4f (.const:ti_sysbios_knl_Semaphore_Module__diagsMask__C)
                  00007708    00000004     empty_pem4f.oem4f (.const:ti_sysbios_knl_Swi_Object__count__C)
                  0000770c    00000004     empty_pem4f.oem4f (.const:ti_sysbios_knl_Task_A_badPriority__C)
                  00007710    00000004     empty_pem4f.oem4f (.const:ti_sysbios_knl_Task_A_badTaskState__C)
                  00007714    00000004     empty_pem4f.oem4f (.const:ti_sysbios_knl_Task_A_badThreadType__C)
                  00007718    00000004     empty_pem4f.oem4f (.const:ti_sysbios_knl_Task_A_badTimeout__C)
                  0000771c    00000004     empty_pem4f.oem4f (.const:ti_sysbios_knl_Task_A_noPendElem__C)
                  00007720    00000004     empty_pem4f.oem4f (.const:ti_sysbios_knl_Task_A_sleepTaskDisabled__C)
                  00007724    00000004     empty_pem4f.oem4f (.const:ti_sysbios_knl_Task_E_spOutOfBounds__C)
                  00007728    00000004     empty_pem4f.oem4f (.const:ti_sysbios_knl_Task_E_stackOverflow__C)
                  0000772c    00000004     empty_pem4f.oem4f (.const:ti_sysbios_knl_Task_Module_State_inactiveQ__O)
                  00007730    00000004     empty_pem4f.oem4f (.const:ti_sysbios_knl_Task_Module__diagsEnabled__C)
                  00007734    00000004     empty_pem4f.oem4f (.const:ti_sysbios_knl_Task_Module__diagsIncluded__C)
                  00007738    00000004     empty_pem4f.oem4f (.const:ti_sysbios_knl_Task_Module__diagsMask__C)
                  0000773c    00000004     empty_pem4f.oem4f (.const:ti_sysbios_knl_Task_Object__count__C)
                  00007740    00000004     empty_pem4f.oem4f (.const:ti_sysbios_knl_Task_allBlockedFunc__C)
                  00007744    00000004     empty_pem4f.oem4f (.const:ti_sysbios_knl_Task_defaultStackHeap__C)
                  00007748    00000004     empty_pem4f.oem4f (.const:ti_sysbios_knl_Task_defaultStackSize__C)
                  0000774c    00000004     empty_pem4f.oem4f (.const:ti_sysbios_knl_Task_numConstructedTasks__C)
                  00007750    00000004     empty_pem4f.oem4f (.const:xdc_runtime_Assert_E_assertFailed__C)
                  00007754    00000004     empty_pem4f.oem4f (.const:xdc_runtime_Core_A_initializedParams__C)
                  00007758    00000004     empty_pem4f.oem4f (.const:xdc_runtime_Core_Module__diagsEnabled__C)
                  0000775c    00000004     empty_pem4f.oem4f (.const:xdc_runtime_Core_Module__diagsIncluded__C)
                  00007760    00000004     empty_pem4f.oem4f (.const:xdc_runtime_Core_Module__diagsMask__C)
                  00007764    00000004     empty_pem4f.oem4f (.const:xdc_runtime_Error_E_memory__C)
                  00007768    00000004     empty_pem4f.oem4f (.const:xdc_runtime_Error_Module__diagsEnabled__C)
                  0000776c    00000004     empty_pem4f.oem4f (.const:xdc_runtime_Error_Module__diagsIncluded__C)
                  00007770    00000004     empty_pem4f.oem4f (.const:xdc_runtime_Error_Module__diagsMask__C)
                  00007774    00000004     empty_pem4f.oem4f (.const:xdc_runtime_Error_Module__loggerFxn8__C)
                  00007778    00000004     empty_pem4f.oem4f (.const:xdc_runtime_Error_Module__loggerObj__C)
                  0000777c    00000004     empty_pem4f.oem4f (.const:xdc_runtime_Error_policyFxn__C)
                  00007780    00000004     empty_pem4f.oem4f (.const:xdc_runtime_Error_raiseHook__C)
                  00007784    00000004     empty_pem4f.oem4f (.const:xdc_runtime_IGateProvider_Interface__BASE__C)
                  00007788    00000004     empty_pem4f.oem4f (.const:xdc_runtime_IHeap_Interface__BASE__C)
                  0000778c    00000004     empty_pem4f.oem4f (.const:xdc_runtime_IModule_Interface__BASE__C)
                  00007790    00000004     empty_pem4f.oem4f (.const:xdc_runtime_Log_L_error__C)
                  00007794    00000004     empty_pem4f.oem4f (.const:xdc_runtime_Memory_defaultHeapInstance__C)
                  00007798    00000004     empty_pem4f.oem4f (.const:xdc_runtime_Startup_execImpl__C)
                  0000779c    00000004     empty_pem4f.oem4f (.const:xdc_runtime_Startup_maxPasses__C)
                  000077a0    00000004     empty_pem4f.oem4f (.const:xdc_runtime_Startup_sfxnRts__C)
                  000077a4    00000004     empty_pem4f.oem4f (.const:xdc_runtime_Startup_sfxnTab__C)
                  000077a8    00000004     empty_pem4f.oem4f (.const:xdc_runtime_SysMin_bufSize__C)
                  000077ac    00000004     empty_pem4f.oem4f (.const:xdc_runtime_SysMin_outputFunc__C)
                  000077b0    00000004     empty_pem4f.oem4f (.const:xdc_runtime_System_Module__gateObj__C)
                  000077b4    00000004     empty_pem4f.oem4f (.const:xdc_runtime_System_abortFxn__C)
                  000077b8    00000004     empty_pem4f.oem4f (.const:xdc_runtime_System_exitFxn__C)
                  000077bc    00000004     empty_pem4f.oem4f (.const:xdc_runtime_System_extendFxn__C)
                  000077c0    00000004     empty_pem4f.oem4f (.const:xdc_runtime_System_maxAtexitHandlers__C)
                  000077c4    00000004     empty_pem4f.oem4f (.const:xdc_runtime_Text_charTab__C)
                  000077c8    00000004     empty_pem4f.oem4f (.const:xdc_runtime_Text_nameEmpty__C)
                  000077cc    00000004     empty_pem4f.oem4f (.const:xdc_runtime_Text_nameStatic__C)
                  000077d0    00000004     empty_pem4f.oem4f (.const:xdc_runtime_Text_nameUnknown__C)
                  000077d4    00000004     empty_pem4f.oem4f (.const:xdc_runtime_Text_nodeTab__C)
                  000077d8    00000004     empty_pem4f.oem4f (.const:xdc_runtime_Text_visitRopeFxn__C)
                  000077dc    00000002     empty_pem4f.oem4f (.const:ti_sysbios_family_arm_m3_Hwi_Module__id__C)
                  000077de    00000002     empty_pem4f.oem4f (.const:ti_sysbios_gates_GateMutex_Module__id__C)
                  000077e0    00000002     empty_pem4f.oem4f (.const:ti_sysbios_hal_Hwi_Module__id__C)
                  000077e2    00000002     empty_pem4f.oem4f (.const:ti_sysbios_heaps_HeapMem_Module__id__C)
                  000077e4    00000002     empty_pem4f.oem4f (.const:ti_sysbios_knl_Semaphore_Module__id__C)
                  000077e6    00000002     empty_pem4f.oem4f (.const:ti_sysbios_knl_Task_Module__id__C)
                  000077e8    00000002     empty_pem4f.oem4f (.const:xdc_runtime_Core_Module__id__C)
                  000077ea    00000002     empty_pem4f.oem4f (.const:xdc_runtime_Error_Module__loggerDefined__C)
                  000077ec    00000002     empty_pem4f.oem4f (.const:xdc_runtime_Error_maxDepth__C)
                  000077ee    00000002     empty_pem4f.oem4f (.const:xdc_runtime_Memory_Module__id__C)
                  000077f0    00000002     empty_pem4f.oem4f (.const:xdc_runtime_SysMin_flushAtExit__C)
                  000077f2    00000002     empty_pem4f.oem4f (.const:xdc_runtime_Text_charCnt__C)
                  000077f4    00000002     empty_pem4f.oem4f (.const:xdc_runtime_Text_isLoaded__C)
                  000077f6    00000002     empty_pem4f.oem4f (.const:xdc_runtime_Text_registryModsLastId__C)
                  000077f8    00000002     empty_pem4f.oem4f (.const:xdc_runtime_Text_unnamedModsLastId__C)

.cinit     0    00007800    00000210     
                  00007800    000001d9     (.cinit..data.load) [load image, compression = lzss]
                  000079d9    00000003     --HOLE-- [fill = 0]
                  000079dc    0000000c     (__TI_handler_table)
                  000079e8    00000008     (.cinit..bss.load) [load image, compression = zero_init]
                  000079f0    00000008     (.cinit..vecs.load) [load image, compression = zero_init]
                  000079f8    00000018     (__TI_cinit_table)

.init_array 
*          0    00000000    00000000     UNINITIALIZED

.resetVecs 
*          0    00000000    0000003c     
                  00000000    0000003c     empty_pem4f.oem4f (.resetVecs)

.vecs      0    20000000    00000360     UNINITIALIZED
                  20000000    00000360     empty_pem4f.oem4f (.vecs)

.bss       0    20000360    000014dc     UNINITIALIZED
                  20000360    00000400     (.common:ti_sysbios_heaps_HeapMem_Instance_State_0_buf__A)
                  20000760    00000360     (.common:ti_sysbios_family_arm_m3_Hwi_dispatchTable)
                  20000ac0    00000200     empty_pem4f.oem4f (.bss:taskStackSection)
                  20000cc0    00000200     (.common:task0Stack)
                  20000ec0    00000200     (.common:task1Stack)
                  200010c0    00000200     (.common:task2Stack)
                  200012c0    00000200     (.common:task3Stack)
                  200014c0    00000120     rtsv7M4_T_le_v4SPD16_eabi.lib : trgmsg.obj (.bss:_CIOBUF_)
                  200015e0    00000090     drivers_tivaware.aem4f : GPIOTiva.oem4f (.bss:gpioCallbackInfo)
                  20001670    00000080     (.common:xdc_runtime_SysMin_Module_State_0_outbuf__A)
                  200016f0    00000050     (.common:task0Struct)
                  20001740    00000050     (.common:task1Struct)
                  20001790    00000050     (.common:task2Struct)
                  200017e0    00000050     (.common:task3Struct)
                  20001830    00000008     (.common:parmbuf)
                  20001838    00000004     (.common:gpioInterruptVectors)

.data      0    2000183c    00000426     UNINITIALIZED
                  2000183c    00000080     empty_pem4f.oem4f (.data:ti_sysbios_knl_Swi_Module_State_0_readyQ__A)
                  200018bc    00000080     empty_pem4f.oem4f (.data:ti_sysbios_knl_Task_Module_State_0_readyQ__A)
                  2000193c    0000004c     empty_pem4f.oem4f (.data:ti_sysbios_knl_Task_Object__table__V)
                  20001988    00000044     empty_pem4f.oem4f (.data:ti_sysbios_knl_Task_Module__state__V)
                  200019cc    00000040     empty_pem4f.oem4f (.data:ti_sysbios_family_arm_lm4_Timer_Module_State_0_device__A)
                  20001a0c    00000040     empty_pem4f.oem4f (.data:ti_sysbios_family_arm_lm4_Timer_Object__table__V)
                  20001a4c    00000038     empty_pem4f.oem4f (.data:ti_sysbios_gates_GateMutex_Object__table__V)
                  20001a84    00000034     empty_pem4f.oem4f (.data:ti_sysbios_family_arm_m3_Hwi_Module__state__V)
                  20001ab8    00000030     empty_pem4f.oem4f (.data:ti_sysbios_knl_Swi_Object__table__V)
                  20001ae8    0000002c     empty_pem4f.oem4f (.data:ti_sysbios_knl_Clock_Module__state__V)
                  20001b14    00000024     empty_pem4f.oem4f (.data:ti_sysbios_BIOS_Module__state__V)
                  20001b38    00000020     empty_pem4f.oem4f (.data:ti_sysbios_family_arm_lm4_Timer_Module_State_0_handles__A)
                  20001b58    0000001c     empty_pem4f.oem4f (.data:ti_sysbios_knl_Swi_Module__state__V)
                  20001b74    00000018     empty_pem4f.oem4f (.data:ti_sysbios_family_arm_m3_Hwi_Object__table__V)
                  20001b8c    00000018     empty_pem4f.oem4f (.data:ti_sysbios_heaps_HeapMem_Object__table__V)
                  20001ba4    00000010     EK_TM4C129EXL.obj (.data:gpioPinConfigs)
                  20001bb4    0000000c     rtsv7M4_T_le_v4SPD16_eabi.lib : exit.obj (.data:$O1$$)
                  20001bc0    0000000c     empty_pem4f.oem4f (.data:ti_sysbios_family_arm_lm4_Timer_Module__state__V)
                  20001bcc    0000000c     empty_pem4f.oem4f (.data:xdc_runtime_SysMin_Module__state__V)
                  20001bd8    00000008     rtsv7M4_T_le_v4SPD16_eabi.lib : _lock.obj (.data:$O1$$)
                  20001be0    00000008     EK_TM4C129EXL.obj (.data:gpioCallbackFunctions)
                  20001be8    00000008     empty_pem4f.oem4f (.data:ti_sysbios_family_arm_m3_Hwi_Module__root__V)
                  20001bf0    00000008     empty_pem4f.oem4f (.data:ti_sysbios_gates_GateHwi_Module__root__V)
                  20001bf8    00000008     empty_pem4f.oem4f (.data:ti_sysbios_gates_GateMutex_Module__root__V)
                  20001c00    00000008     empty_pem4f.oem4f (.data:ti_sysbios_heaps_HeapMem_Module__root__V)
                  20001c08    00000008     empty_pem4f.oem4f (.data:ti_sysbios_knl_Queue_Module__root__V)
                  20001c10    00000008     empty_pem4f.oem4f (.data:ti_sysbios_knl_Semaphore_Module__root__V)
                  20001c18    00000008     empty_pem4f.oem4f (.data:ti_sysbios_knl_Task_Module__root__V)
                  20001c20    00000008     empty_pem4f.oem4f (.data:xdc_runtime_Registry_Module__state__V)
                  20001c28    00000008     empty_pem4f.oem4f (.data:xdc_runtime_Startup_Module__state__V)
                  20001c30    00000008     empty_pem4f.oem4f (.data:xdc_runtime_System_Module_State_0_atexitHandlers__A)
                  20001c38    00000008     empty_pem4f.oem4f (.data:xdc_runtime_System_Module__state__V)
                  20001c40    00000005     drivers_tivaware.aem4f : GPIOTiva.oem4f (.data)
                  20001c45    00000001     --HOLE--
                  20001c46    00000002     empty_pem4f.oem4f (.data:ti_sysbios_family_arm_m3_Hwi_Module_State_0_excActive__A)
                  20001c48    00000004     rtsv7M4_T_le_v4SPD16_eabi.lib : stkdepth_vars.obj (.data)
                  20001c4c    00000004     empty_pem4f.oem4f (.data:ti_sysbios_family_arm_m3_Hwi_Module_State_0_excContext__A)
                  20001c50    00000004     empty_pem4f.oem4f (.data:ti_sysbios_family_arm_m3_Hwi_Module_State_0_excStack__A)
                  20001c54    00000004     empty_pem4f.oem4f (.data:ti_sysbios_gates_GateHwi_Object__table__V)
                  20001c58    00000004     empty_pem4f.oem4f (.data:ti_sysbios_knl_Task_Module_State_0_idleTask__A)
                  20001c5c    00000004     empty_pem4f.oem4f (.data:xdc_runtime_Memory_Module__state__V)
                  20001c60    00000002     empty_pem4f.oem4f (.data:xdc_runtime_Error_Module__state__V)

.stack     0    20001c64    00000300     UNINITIALIZED
                  20001c64    00000300     --HOLE--

.bootVecs 
*          0    00000000    00000008     DSECT
                  00000000    00000008     boot.aem4f : boot.oem4f (.bootVecs)

xdc.meta   0    00000000    000000e3     COPY SECTION
                  00000000    000000e3     empty_pem4f.oem4f (xdc.meta)

MODULE SUMMARY

       Module                     code    ro data   rw data
       ------                     ----    -------   -------
    .\
       empty.obj                  542     0         2368   
       EK_TM4C129EXL.obj          192     20        24     
    +--+--------------------------+-------+---------+---------+
       Total:                     734     20        2392   
                                                           
    C:\Users\Alumnos\workspace_DSEV2\practica0\Debug\configPkg\package\cfg\
       empty_pem4f.oem4f          1658    7702      4400   
    +--+--------------------------+-------+---------+---------+
       Total:                     1658    7702      4400   
                                                           
    C:/ti/TivaWare_C_Series-2.1.4.178/driverlib/ccs/Debug/driverlib.lib
       gpio.obj                   490     0         0      
       sysctl.obj                 52      0         0      
    +--+--------------------------+-------+---------+---------+
       Total:                     542     0         0      
                                                           
    C:/ti/tirtos_tivac_2_16_00_08/products/tidrivers_tivac_2_16_00_08/packages/ti/drivers/lib/drivers_tivaware.aem4f
       GPIOTiva.oem4f             844     156       153    
    +--+--------------------------+-------+---------+---------+
       Total:                     844     156       153    
                                                           
    C:\Users\Alumnos\workspace_DSEV2\practica0\src\sysbios\sysbios.aem4f
       BIOS.obj                   11878   0         0      
       m3_Hwi_asm.obj             314     0         0      
       m3_TaskSupport_asm.obj     180     0         0      
       m3_Hwi_asm_switch.obj      118     0         0      
    +--+--------------------------+-------+---------+---------+
       Total:                     12490   0         0      
                                                           
    C:\ti\ccsv7\tools\compiler\ti-cgt-arm_16.9.6.LTS\lib\rtsv7M4_T_le_v4SPD16_eabi.lib
       trgmsg.obj                 104     0         288    
       memcpy_t2.obj              156     0         0      
       memset_t2.obj              122     0         0      
       copy_decompress_lzss.obj   104     0         0      
       exit.obj                   84      0         12     
       hostwrite.obj              88      0         0      
       cpy_tbl.obj                76      0         0      
       u_divt2.obj                64      0         0      
       _lock.obj                  20      0         8      
       args_main.obj              24      0         0      
       strlen.obj                 20      0         0      
       copy_decompress_none.obj   14      0         0      
       copy_zero_init.obj         12      0         0      
       hostopen.obj               0       0         8      
       stkdepth_vars.obj          0       0         4      
       i_div0.obj                 2       0         0      
    +--+--------------------------+-------+---------+---------+
       Total:                     890     0         320    
                                                           
    C:\ti\tirtos_tivac_2_16_00_08\products\bios_6_45_01_29\packages\ti\catalog\arm\cortexm4\tiva\ce\lib\Boot.aem4f
       Boot_sysctl.oem4f          628     452       0      
       Boot.oem4f                 152     0         0      
    +--+--------------------------+-------+---------+---------+
       Total:                     780     452       0      
                                                           
    C:\ti\tirtos_tivac_2_16_00_08\products\bios_6_45_01_29\packages\ti\targets\arm\rtsarm\lib\auto_init.aem4f
       auto_init.oem4f            160     0         0      
    +--+--------------------------+-------+---------+---------+
       Total:                     160     0         0      
                                                           
    C:\ti\tirtos_tivac_2_16_00_08\products\bios_6_45_01_29\packages\ti\targets\arm\rtsarm\lib\boot.aem4f
       boot.oem4f                 88      0         0      
    +--+--------------------------+-------+---------+---------+
       Total:                     88      0         0      
                                                           
    C:\ti\tirtos_tivac_2_16_00_08\products\bios_6_45_01_29\packages\ti\targets\arm\rtsarm\lib\ti.targets.arm.rtsarm.aem4f
       System.oem4f               1255    0         0      
       Text.oem4f                 672     0         0      
       Error.oem4f                524     0         0      
       Core-mem.oem4f             358     0         0      
       Startup.oem4f              328     0         0      
       SysMin.oem4f               248     0         0      
       Core-smem.oem4f            204     0         0      
       Memory.oem4f               176     0         0      
       Assert.oem4f               84      0         0      
       Core-params.oem4f          70      0         0      
       Core-label.oem4f           52      0         0      
       Registry.oem4f             32      0         0      
       Gate.oem4f                 28      0         0      
    +--+--------------------------+-------+---------+---------+
       Total:                     4031    0         0      
                                                           
       Stack:                     0       0         768    
       Linker Generated:          0       525       0      
    +--+--------------------------+-------+---------+---------+
       Grand Total:               22217   8855      8033   


LINKER GENERATED COPY TABLES

__TI_cinit_table @ 000079f8 records: 3, size/record: 8, table size: 24
	.data: load addr=00007800, load size=000001d9 bytes, run addr=2000183c, run size=00000426 bytes, compression=lzss
	.bss: load addr=000079e8, load size=00000008 bytes, run addr=20000360, run size=000014dc bytes, compression=zero_init
	.vecs: load addr=000079f0, load size=00000008 bytes, run addr=20000000, run size=00000360 bytes, compression=zero_init


LINKER GENERATED HANDLER TABLE

__TI_handler_table @ 000079dc records: 3, size/record: 4, table size: 12
	index: 0, handler: __TI_decompress_lzss
	index: 1, handler: __TI_decompress_none
	index: 2, handler: __TI_zero_init


GLOBAL SYMBOLS: SORTED ALPHABETICALLY BY Name 

address   name                                                                 
-------   ----                                                                 
00004041  C$$EXIT                                                              
00003a13  C$$IO$$                                                              
00005729  EK_TM4C129EXL_initGPIO                                               
00002bc5  EK_TM4C129EXL_initGeneral                                            
00004df9  GPIODirModeSet                                                       
000051ab  GPIOIntClear                                                         
00005629  GPIOIntStatus                                                        
00003fe9  GPIOIntTypeSet                                                       
0000225d  GPIOPadConfigSet                                                     
00005673  GPIOPinRead                                                          
00005345  GPIOPinTypeGPIOOutput                                                
00005749  GPIOPinWrite                                                         
000075d8  GPIOTiva_config                                                      
00003ab5  GPIO_hwiIntFxn                                                       
000034cd  GPIO_init                                                            
0000413d  GPIO_setCallback                                                     
00001d4d  GPIO_setConfig                                                       
0000418d  GPIO_toggle                                                          
000041dd  GPIO_write                                                           
00003f39  HOSTwrite                                                            
UNDEFED   SHT$$INIT_ARRAY$$Base                                                
UNDEFED   SHT$$INIT_ARRAY$$Limit                                               
000049b9  SysCtlPeripheralEnable                                               
00000000  __ASM__                                                              
200014c0  __CIOBUF_                                                            
00000061  __ISA__                                                              
00000074  __PLAT__                                                             
20001f64  __STACK_END                                                          
00000300  __STACK_SIZE                                                         
00000095  __TARG__                                                             
000079f8  __TI_CINIT_Base                                                      
00007a10  __TI_CINIT_Limit                                                     
000079dc  __TI_Handler_Table_Base                                              
000079e8  __TI_Handler_Table_Limit                                             
00002ff1  __TI_auto_init                                                       
20001bb4  __TI_cleanup_ptr                                                     
0000397d  __TI_decompress_lzss                                                 
00005637  __TI_decompress_none                                                 
20001bb8  __TI_dtors_ptr                                                       
20001bbc  __TI_enable_exit_profile_output                                      
ffffffff  __TI_pprof_out_hndl                                                  
ffffffff  __TI_prof_data_size                                                  
ffffffff  __TI_prof_data_start                                                 
00003a17  __TI_readmsg                                                         
00007800  __TI_static_base__                                                   
000039e5  __TI_writemsg                                                        
00005667  __TI_zero_init                                                       
000000bb  __TRDR__                                                             
0000238f  __aeabi_idiv0                                                        
0000366d  __aeabi_memclr                                                       
0000366d  __aeabi_memclr4                                                      
0000366d  __aeabi_memclr8                                                      
00003131  __aeabi_memcpy                                                       
00003131  __aeabi_memcpy4                                                      
00003131  __aeabi_memcpy8                                                      
0000366f  __aeabi_memset                                                       
0000366f  __aeabi_memset4                                                      
0000366f  __aeabi_memset8                                                      
00004729  __aeabi_uidiv                                                        
00004729  __aeabi_uidivmod                                                     
ffffffff  __binit__                                                            
ffffffff  __c_args__                                                           
20001c64  __stack                                                              
0000535d  _args_main                                                           
00003ee1  _c_int00                                                             
20001bd8  _lock                                                                
0000549f  _nop                                                                 
00005497  _register_lock                                                       
00005491  _register_unlock                                                     
20001bdc  _unlock                                                              
00004045  abort                                                                
ffffffff  binit                                                                
00004371  copy_in                                                              
0000404d  exit                                                                 
20001be0  gpioCallbackFunctions                                                
20001ba4  gpioPinConfigs                                                       
0000547d  heartBeatFxn                                                         
00001a75  main                                                                 
20001c48  main_func_sp                                                         
00003131  memcpy                                                               
00003675  memset                                                               
000055c9  osi_TaskDisable                                                      
00005569  osi_start                                                            
20001830  parmbuf                                                              
000054a5  strlen                                                               
000054b9  tarea1                                                               
00004865  tarea2                                                               
0000489d  tarea3                                                               
20000cc0  task0Stack                                                           
200016f0  task0Struct                                                          
20000ec0  task1Stack                                                           
20001740  task1Struct                                                          
200010c0  task2Stack                                                           
20001790  task2Struct                                                          
200012c0  task3Stack                                                           
200017e0  task3Struct                                                          
00007638  ti_catalog_arm_cortexm4_tiva_ce_Boot_A_mustNotUseEnhancedClockMode__C
0000763c  ti_catalog_arm_cortexm4_tiva_ce_Boot_Module__diagsEnabled__C         
00007640  ti_catalog_arm_cortexm4_tiva_ce_Boot_Module__diagsIncluded__C        
00007644  ti_catalog_arm_cortexm4_tiva_ce_Boot_Module__diagsMask__C            
0000700e  ti_catalog_arm_cortexm4_tiva_ce_Boot_Module__id__C                   
00005545  ti_catalog_arm_cortexm4_tiva_ce_Boot_init__I                         
0000114d  ti_catalog_arm_cortexm4_tiva_ce_Boot_sysCtlClockFreqSetI__I          
00003309  ti_catalog_arm_cortexm4_tiva_ce_Boot_sysCtlClockFreqSet__E           
20001b14  ti_sysbios_BIOS_Module__state__V                                     
000052a9  ti_sysbios_BIOS_RtsGateProxy_Handle__label__S                        
00004f55  ti_sysbios_BIOS_RtsGateProxy_Object__delete__S                       
000007bd  ti_sysbios_BIOS_RtsGateProxy_enter__E                                
0000154d  ti_sysbios_BIOS_RtsGateProxy_leave__E                                
00005791  ti_sysbios_BIOS_RtsGateProxy_query__E                                
00004b35  ti_sysbios_BIOS_atExitFunc__I                                        
00004ec5  ti_sysbios_BIOS_errorRaiseHook__I                                    
00005451  ti_sysbios_BIOS_exitFunc__I                                          
00003307  ti_sysbios_BIOS_nullFunc__I                                          
00004ee9  ti_sysbios_BIOS_registerRTSLock__I                                   
00004f0d  ti_sysbios_BIOS_removeRTSLock__I                                     
0000504d  ti_sysbios_BIOS_rtsLock__I                                           
00005375  ti_sysbios_BIOS_rtsUnlock__I                                         
00005559  ti_sysbios_BIOS_setThreadType__E                                     
00004f31  ti_sysbios_BIOS_startFunc__I                                         
00005569  ti_sysbios_BIOS_start__E                                             
200019cc  ti_sysbios_family_arm_lm4_Timer_Module_State_0_device__A             
20001b38  ti_sysbios_family_arm_lm4_Timer_Module_State_0_handles__A            
0000538d  ti_sysbios_family_arm_lm4_Timer_Module__startupDone__F               
0000538d  ti_sysbios_family_arm_lm4_Timer_Module__startupDone__S               
20001bc0  ti_sysbios_family_arm_lm4_Timer_Module__state__V                     
00003b19  ti_sysbios_family_arm_lm4_Timer_Module_startup__E                    
20001a0c  ti_sysbios_family_arm_lm4_Timer_Object__table__V                     
00007648  ti_sysbios_family_arm_lm4_Timer_enableFunc__C                        
00002ea1  ti_sysbios_family_arm_lm4_Timer_enableTimers__I                      
00002df1  ti_sysbios_family_arm_lm4_Timer_enableTiva__I                        
00005679  ti_sysbios_family_arm_lm4_Timer_getMaxTicks__E                       
00003c49  ti_sysbios_family_arm_lm4_Timer_isrStub__E                           
00005731  ti_sysbios_family_arm_lm4_Timer_masterDisable__I                     
00001be5  ti_sysbios_family_arm_lm4_Timer_masterEnable__I                      
0000764c  ti_sysbios_family_arm_lm4_Timer_numTimerDevices__C                   
00002129  ti_sysbios_family_arm_lm4_Timer_start__E                             
00007650  ti_sysbios_family_arm_lm4_Timer_startupNeeded__C                     
00004769  ti_sysbios_family_arm_lm4_Timer_startup__E                           
00004b69  ti_sysbios_family_arm_lm4_Timer_stop__E                              
00004fe9  ti_sysbios_family_arm_lm4_Timer_write__I                             
00007654  ti_sysbios_family_arm_m3_Hwi_E_NMI__C                                
00007658  ti_sysbios_family_arm_m3_Hwi_E_alreadyDefined__C                     
0000765c  ti_sysbios_family_arm_m3_Hwi_E_busFault__C                           
00007660  ti_sysbios_family_arm_m3_Hwi_E_debugMon__C                           
00007664  ti_sysbios_family_arm_m3_Hwi_E_hardFault__C                          
00007668  ti_sysbios_family_arm_m3_Hwi_E_memFault__C                           
0000766c  ti_sysbios_family_arm_m3_Hwi_E_noIsr__C                              
00007670  ti_sysbios_family_arm_m3_Hwi_E_reserved__C                           
00007674  ti_sysbios_family_arm_m3_Hwi_E_svCall__C                             
00007678  ti_sysbios_family_arm_m3_Hwi_E_usageFault__C                         
00005275  ti_sysbios_family_arm_m3_Hwi_Handle__label__S                        
000049f1  ti_sysbios_family_arm_m3_Hwi_Instance_finalize__E                    
000033a1  ti_sysbios_family_arm_m3_Hwi_Instance_init__E                        
20001c46  ti_sysbios_family_arm_m3_Hwi_Module_State_0_excActive__A             
20001c4c  ti_sysbios_family_arm_m3_Hwi_Module_State_0_excContext__A            
20001c50  ti_sysbios_family_arm_m3_Hwi_Module_State_0_excStack__A              
000077dc  ti_sysbios_family_arm_m3_Hwi_Module__id__C                           
20001be8  ti_sysbios_family_arm_m3_Hwi_Module__root__V                         
000053a5  ti_sysbios_family_arm_m3_Hwi_Module__startupDone__F                  
000053a5  ti_sysbios_family_arm_m3_Hwi_Module__startupDone__S                  
20001a84  ti_sysbios_family_arm_m3_Hwi_Module__state__V                        
00004281  ti_sysbios_family_arm_m3_Hwi_Module_startup__E                       
0000767c  ti_sysbios_family_arm_m3_Hwi_NUM_INTERRUPTS__C                       
00007490  ti_sysbios_family_arm_m3_Hwi_Object__DESC__C                         
000073a8  ti_sysbios_family_arm_m3_Hwi_Object__PARAMS__C                       
00007680  ti_sysbios_family_arm_m3_Hwi_Object__count__C                        
000054cd  ti_sysbios_family_arm_m3_Hwi_Object__get__S                          
20001b74  ti_sysbios_family_arm_m3_Hwi_Object__table__V                        
00005685  ti_sysbios_family_arm_m3_Hwi_Params__init__S                         
00007684  ti_sysbios_family_arm_m3_Hwi_ccr__C                                  
00003b7d  ti_sysbios_family_arm_m3_Hwi_create                                  
00005691  ti_sysbios_family_arm_m3_Hwi_disableFxn__E                           
000044b1  ti_sysbios_family_arm_m3_Hwi_disableInterrupt__E                     
00003be1  ti_sysbios_family_arm_m3_Hwi_dispatchC__I                            
20000760  ti_sysbios_family_arm_m3_Hwi_dispatchTable                           
00002799  ti_sysbios_family_arm_m3_Hwi_dispatch__I                             
00005739  ti_sysbios_family_arm_m3_Hwi_doSwiRestore__I                         
00005751  ti_sysbios_family_arm_m3_Hwi_doTaskRestore__I                        
000044f9  ti_sysbios_family_arm_m3_Hwi_enableInterrupt__E                      
00001901  ti_sysbios_family_arm_m3_Hwi_excBusFault__I                          
00002a49  ti_sysbios_family_arm_m3_Hwi_excDebugMon__I                          
00000041  ti_sysbios_family_arm_m3_Hwi_excDumpRegs__I                          
0000506d  ti_sysbios_family_arm_m3_Hwi_excHandlerAsm__I                        
00007688  ti_sysbios_family_arm_m3_Hwi_excHandlerFunc__C                       
00001351  ti_sysbios_family_arm_m3_Hwi_excHandlerMax__I                        
00005091  ti_sysbios_family_arm_m3_Hwi_excHandler__I                           
00002b09  ti_sysbios_family_arm_m3_Hwi_excHardFault__I                         
00007618  ti_sysbios_family_arm_m3_Hwi_excHookFuncs__A                         
0000768c  ti_sysbios_family_arm_m3_Hwi_excHookFuncs__C                         
00001ea1  ti_sysbios_family_arm_m3_Hwi_excMemFault__I                          
00004a29  ti_sysbios_family_arm_m3_Hwi_excNmi__I                               
000048d9  ti_sysbios_family_arm_m3_Hwi_excNoIsr__I                             
00004541  ti_sysbios_family_arm_m3_Hwi_excReserved__I                          
000047a9  ti_sysbios_family_arm_m3_Hwi_excSvCall__I                            
[...]
00005715  xdc_runtime_Memory_HeapProxy_alloc__E                                
0000571f  xdc_runtime_Memory_HeapProxy_free__E                                 
00005729  EK_TM4C129EXL_initGPIO                                               
00005731  ti_sysbios_family_arm_lm4_Timer_masterDisable__I                     
00005739  ti_sysbios_family_arm_m3_Hwi_doSwiRestore__I                         
00005741  ti_sysbios_family_arm_m3_Hwi_startup__E                              
00005741  ti_sysbios_hal_Hwi_HwiProxy_startup__E                               
00005741  ti_sysbios_hal_Hwi_startup__E                                        
00005749  GPIOPinWrite                                                         
00005751  ti_sysbios_family_arm_m3_Hwi_doTaskRestore__I                        
00005759  ti_sysbios_family_arm_m3_Hwi_restoreFxn__E                           
00005759  ti_sysbios_hal_Hwi_HwiProxy_restore__E                               
00005761  ti_sysbios_gates_GateHwi_leave__E                                    
00005769  ti_sysbios_heaps_HeapMem_isBlocking__E                               
00005771  ti_sysbios_knl_Queue_Instance_init__E                                
00005779  ti_sysbios_knl_Swi_startup__E                                        
0000577f  xdc_runtime_System_Module_startup__E                                 
00005789  ti_sysbios_gates_GateHwi_query__E                                    
00005789  xdc_runtime_Main_Module_GateProxy_query__E                           
00005789  xdc_runtime_System_Module_GateProxy_query__E                         
00005791  ti_sysbios_BIOS_RtsGateProxy_query__E                                
00005791  ti_sysbios_gates_GateMutex_query__E                                  
00005791  ti_sysbios_heaps_HeapMem_Module_GateProxy_query__E                   
00005799  ti_sysbios_knl_Task_startup__E                                       
000057a1  ti_sysbios_gates_GateHwi_Instance_init__E                            
000057a9  ti_sysbios_knl_Clock_logTick__E                                      
000057ac  xdc_runtime_Text_charTab__A                                          
0000700d  xdc_runtime_Error_policy__C                                          
0000700e  ti_catalog_arm_cortexm4_tiva_ce_Boot_Module__id__C                   
00007130  xdc_runtime_Text_nodeTab__A                                          
0000733c  ti_sysbios_knl_Task_Object__PARAMS__C                                
000073a8  ti_sysbios_family_arm_m3_Hwi_Object__PARAMS__C                       
000073d8  ti_sysbios_heaps_HeapMem_Module__FXNS__C                             
00007400  ti_sysbios_gates_GateHwi_Module__FXNS__C                             
00007424  ti_sysbios_gates_GateMutex_Module__FXNS__C                           
00007448  ti_sysbios_heaps_HeapMem_Object__PARAMS__C                           
0000746c  ti_sysbios_knl_Semaphore_Object__PARAMS__C                           
00007490  ti_sysbios_family_arm_m3_Hwi_Object__DESC__C                         
000074b0  ti_sysbios_gates_GateHwi_Object__DESC__C                             
000074d0  ti_sysbios_gates_GateMutex_Object__DESC__C                           
000074f0  ti_sysbios_heaps_HeapMem_Object__DESC__C                             
00007510  ti_sysbios_knl_Queue_Object__DESC__C                                 
00007530  ti_sysbios_knl_Semaphore_Object__DESC__C                             
00007550  ti_sysbios_knl_Task_Object__DESC__C                                  
00007570  xdc_runtime_Startup_sfxnTab__A                                       
00007590  ti_sysbios_gates_GateHwi_Object__PARAMS__C                           
000075a8  ti_sysbios_gates_GateMutex_Object__PARAMS__C                         
000075c0  ti_sysbios_knl_Queue_Object__PARAMS__C                               
000075d8  GPIOTiva_config                                                      
000075ec  xdc_runtime_Startup_firstFxns__A                                     
00007600  xdc_runtime_Startup_sfxnRts__A                                       
00007618  ti_sysbios_family_arm_m3_Hwi_excHookFuncs__A                         
00007620  ti_sysbios_knl_Idle_funcList__C                                      
00007628  xdc_runtime_Startup_firstFxns__C                                     
00007630  xdc_runtime_Startup_lastFxns__C                                      
00007638  ti_catalog_arm_cortexm4_tiva_ce_Boot_A_mustNotUseEnhancedClockMode__C
0000763c  ti_catalog_arm_cortexm4_tiva_ce_Boot_Module__diagsEnabled__C         
00007640  ti_catalog_arm_cortexm4_tiva_ce_Boot_Module__diagsIncluded__C        
00007644  ti_catalog_arm_cortexm4_tiva_ce_Boot_Module__diagsMask__C            
00007648  ti_sysbios_family_arm_lm4_Timer_enableFunc__C                        
0000764c  ti_sysbios_family_arm_lm4_Timer_numTimerDevices__C                   
00007650  ti_sysbios_family_arm_lm4_Timer_startupNeeded__C                     
00007654  ti_sysbios_family_arm_m3_Hwi_E_NMI__C                                
00007658  ti_sysbios_family_arm_m3_Hwi_E_alreadyDefined__C                     
0000765c  ti_sysbios_family_arm_m3_Hwi_E_busFault__C                           
00007660  ti_sysbios_family_arm_m3_Hwi_E_debugMon__C                           
00007664  ti_sysbios_family_arm_m3_Hwi_E_hardFault__C                          
00007668  ti_sysbios_family_arm_m3_Hwi_E_memFault__C                           
0000766c  ti_sysbios_family_arm_m3_Hwi_E_noIsr__C                              
00007670  ti_sysbios_family_arm_m3_Hwi_E_reserved__C                           
00007674  ti_sysbios_family_arm_m3_Hwi_E_svCall__C                             
00007678  ti_sysbios_family_arm_m3_Hwi_E_usageFault__C                         
0000767c  ti_sysbios_family_arm_m3_Hwi_NUM_INTERRUPTS__C                       
00007680  ti_sysbios_family_arm_m3_Hwi_Object__count__C                        
00007684  ti_sysbios_family_arm_m3_Hwi_ccr__C                                  
00007688  ti_sysbios_family_arm_m3_Hwi_excHandlerFunc__C                       
0000768c  ti_sysbios_family_arm_m3_Hwi_excHookFuncs__C                         
00007690  ti_sysbios_family_arm_m3_Hwi_nullIsrFunc__C                          
00007694  ti_sysbios_family_arm_m3_Hwi_priGroup__C                             
00007698  ti_sysbios_family_arm_m3_TaskSupport_stackAlignment__C               
0000769c  ti_sysbios_gates_GateMutex_A_badContext__C                           
000076a0  ti_sysbios_gates_GateMutex_Instance_State_sem__O                     
000076a4  ti_sysbios_gates_GateMutex_Module__diagsEnabled__C                   
000076a8  ti_sysbios_gates_GateMutex_Module__diagsIncluded__C                  
000076ac  ti_sysbios_gates_GateMutex_Module__diagsMask__C                      
000076b0  ti_sysbios_hal_Hwi_E_stackOverflow__C                                
000076b4  ti_sysbios_heaps_HeapMem_A_align__C                                  
000076b8  ti_sysbios_heaps_HeapMem_A_heapSize__C                               
000076bc  ti_sysbios_heaps_HeapMem_A_invalidFree__C                            
000076c0  ti_sysbios_heaps_HeapMem_A_zeroBlock__C                              
000076c4  ti_sysbios_heaps_HeapMem_E_memory__C                                 
000076c8  ti_sysbios_heaps_HeapMem_Module__diagsEnabled__C                     
000076cc  ti_sysbios_heaps_HeapMem_Module__diagsIncluded__C                    
000076d0  ti_sysbios_heaps_HeapMem_Module__diagsMask__C                        
000076d4  ti_sysbios_heaps_HeapMem_Module__gateObj__C                          
000076d8  ti_sysbios_heaps_HeapMem_Object__count__C                            
000076dc  ti_sysbios_heaps_HeapMem_reqAlign__C                                 
000076e0  ti_sysbios_knl_Clock_Module_State_clockQ__O                          
000076e4  ti_sysbios_knl_Idle_funcList__A                                      
000076e8  ti_sysbios_knl_Semaphore_A_badContext__C                             
000076ec  ti_sysbios_knl_Semaphore_A_noEvents__C                               
000076f0  ti_sysbios_knl_Semaphore_A_overflow__C                               
000076f4  ti_sysbios_knl_Semaphore_A_pendTaskDisabled__C                       
000076f8  ti_sysbios_knl_Semaphore_Instance_State_pendQ__O                     
000076fc  ti_sysbios_knl_Semaphore_Module__diagsEnabled__C                     
00007700  ti_sysbios_knl_Semaphore_Module__diagsIncluded__C                    
00007704  ti_sysbios_knl_Semaphore_Module__diagsMask__C                        
00007708  ti_sysbios_knl_Swi_Object__count__C                                  
0000770c  ti_sysbios_knl_Task_A_badPriority__C                                 
00007710  ti_sysbios_knl_Task_A_badTaskState__C                                
00007714  ti_sysbios_knl_Task_A_badThreadType__C                               
00007718  ti_sysbios_knl_Task_A_badTimeout__C                                  
0000771c  ti_sysbios_knl_Task_A_noPendElem__C                                  
00007720  ti_sysbios_knl_Task_A_sleepTaskDisabled__C                           
00007724  ti_sysbios_knl_Task_E_spOutOfBounds__C                               
00007728  ti_sysbios_knl_Task_E_stackOverflow__C                               
0000772c  ti_sysbios_knl_Task_Module_State_inactiveQ__O                        
00007730  ti_sysbios_knl_Task_Module__diagsEnabled__C                          
00007734  ti_sysbios_knl_Task_Module__diagsIncluded__C                         
00007738  ti_sysbios_knl_Task_Module__diagsMask__C                             
0000773c  ti_sysbios_knl_Task_Object__count__C                                 
00007740  ti_sysbios_knl_Task_allBlockedFunc__C                                
00007744  ti_sysbios_knl_Task_defaultStackHeap__C                              
00007748  ti_sysbios_knl_Task_defaultStackSize__C                              
0000774c  ti_sysbios_knl_Task_numConstructedTasks__C                           
00007750  xdc_runtime_Assert_E_assertFailed__C                                 
00007754  xdc_runtime_Core_A_initializedParams__C                              
00007758  xdc_runtime_Core_Module__diagsEnabled__C                             
0000775c  xdc_runtime_Core_Module__diagsIncluded__C                            
00007760  xdc_runtime_Core_Module__diagsMask__C                                
00007764  xdc_runtime_Error_E_memory__C                                        
00007768  xdc_runtime_Error_Module__diagsEnabled__C                            
0000776c  xdc_runtime_Error_Module__diagsIncluded__C                           
00007770  xdc_runtime_Error_Module__diagsMask__C                               
00007774  xdc_runtime_Error_Module__loggerFxn8__C                              
00007778  xdc_runtime_Error_Module__loggerObj__C                               
0000777c  xdc_runtime_Error_policyFxn__C                                       
00007780  xdc_runtime_Error_raiseHook__C                                       
00007784  xdc_runtime_IGateProvider_Interface__BASE__C                         
00007788  xdc_runtime_IHeap_Interface__BASE__C                                 
0000778c  xdc_runtime_IModule_Interface__BASE__C                               
00007790  xdc_runtime_Log_L_error__C                                           
00007794  xdc_runtime_Memory_defaultHeapInstance__C                            
00007798  xdc_runtime_Startup_execImpl__C                                      
0000779c  xdc_runtime_Startup_maxPasses__C                                     
000077a0  xdc_runtime_Startup_sfxnRts__C                                       
000077a4  xdc_runtime_Startup_sfxnTab__C                                       
000077a8  xdc_runtime_SysMin_bufSize__C                                        
000077ac  xdc_runtime_SysMin_outputFunc__C                                     
000077b0  xdc_runtime_System_Module__gateObj__C                                
000077b4  xdc_runtime_System_abortFxn__C                                       
000077b8  xdc_runtime_System_exitFxn__C                                        
000077bc  xdc_runtime_System_extendFxn__C                                      
000077c0  xdc_runtime_System_maxAtexitHandlers__C                              
000077c4  xdc_runtime_Text_charTab__C                                          
000077c8  xdc_runtime_Text_nameEmpty__C                                        
000077cc  xdc_runtime_Text_nameStatic__C                                       
000077d0  xdc_runtime_Text_nameUnknown__C                                      
000077d4  xdc_runtime_Text_nodeTab__C                                          
000077d8  xdc_runtime_Text_visitRopeFxn__C                                     
000077dc  ti_sysbios_family_arm_m3_Hwi_Module__id__C                           
000077de  ti_sysbios_gates_GateMutex_Module__id__C                             
000077e0  ti_sysbios_hal_Hwi_Module__id__C                                     
000077e2  ti_sysbios_heaps_HeapMem_Module__id__C                               
000077e4  ti_sysbios_knl_Semaphore_Module__id__C                               
000077e6  ti_sysbios_knl_Task_Module__id__C                                    
000077e8  xdc_runtime_Core_Module__id__C                                       
000077ea  xdc_runtime_Error_Module__loggerDefined__C                           
000077ec  xdc_runtime_Error_maxDepth__C                                        
000077ee  xdc_runtime_Memory_Module__id__C                                     
000077f0  xdc_runtime_SysMin_flushAtExit__C                                    
000077f2  xdc_runtime_Text_charCnt__C                                          
000077f4  xdc_runtime_Text_isLoaded__C                                         
000077f6  xdc_runtime_Text_registryModsLastId__C                               
000077f8  xdc_runtime_Text_unnamedModsLastId__C                                
00007800  __TI_static_base__                                                   
000079dc  __TI_Handler_Table_Base                                              
000079e8  __TI_Handler_Table_Limit                                             
000079f8  __TI_CINIT_Base                                                      
00007a10  __TI_CINIT_Limit                                                     
20000000  ti_sysbios_family_arm_m3_Hwi_ramVectors                              
20000360  ti_sysbios_heaps_HeapMem_Instance_State_0_buf__A                     
20000760  ti_sysbios_family_arm_m3_Hwi_dispatchTable                           
20000ac0  ti_sysbios_knl_Task_Instance_State_0_stack__A                        
20000cc0  task0Stack                                                           
20000ec0  task1Stack                                                           
200010c0  task2Stack                                                           
200012c0  task3Stack                                                           
200014c0  __CIOBUF_                                                            
20001670  xdc_runtime_SysMin_Module_State_0_outbuf__A                          
200016f0  task0Struct                                                          
20001740  task1Struct                                                          
20001790  task2Struct                                                          
200017e0  task3Struct                                                          
20001830  parmbuf                                                              
2000183c  ti_sysbios_knl_Swi_Module_State_0_readyQ__A                          
200018bc  ti_sysbios_knl_Task_Module_State_0_readyQ__A                         
2000193c  ti_sysbios_knl_Task_Object__table__V                                 
20001988  ti_sysbios_knl_Task_Module__state__V                                 
200019cc  ti_sysbios_family_arm_lm4_Timer_Module_State_0_device__A             
20001a0c  ti_sysbios_family_arm_lm4_Timer_Object__table__V                     
20001a4c  ti_sysbios_gates_GateMutex_Object__table__V                          
20001a84  ti_sysbios_family_arm_m3_Hwi_Module__state__V                        
20001ab8  ti_sysbios_knl_Swi_Object__table__V                                  
20001ae8  ti_sysbios_knl_Clock_Module__state__V                                
20001b14  ti_sysbios_BIOS_Module__state__V                                     
20001b38  ti_sysbios_family_arm_lm4_Timer_Module_State_0_handles__A            
20001b58  ti_sysbios_knl_Swi_Module__state__V                                  
20001b74  ti_sysbios_family_arm_m3_Hwi_Object__table__V                        
20001b8c  ti_sysbios_heaps_HeapMem_Object__table__V                            
20001ba4  gpioPinConfigs                                                       
20001bb4  __TI_cleanup_ptr                                                     
20001bb8  __TI_dtors_ptr                                                       
20001bbc  __TI_enable_exit_profile_output                                      
20001bc0  ti_sysbios_family_arm_lm4_Timer_Module__state__V                     
20001bcc  xdc_runtime_SysMin_Module__state__V                                  
20001bd8  _lock                                                                
20001bdc  _unlock                                                              
20001be0  gpioCallbackFunctions                                                
20001be8  ti_sysbios_family_arm_m3_Hwi_Module__root__V                         
20001bf0  ti_sysbios_gates_GateHwi_Module__root__V                             
20001bf8  ti_sysbios_gates_GateMutex_Module__root__V                           
20001c00  ti_sysbios_heaps_HeapMem_Module__root__V                             
20001c08  ti_sysbios_knl_Queue_Module__root__V                                 
20001c10  ti_sysbios_knl_Semaphore_Module__root__V                             
20001c18  ti_sysbios_knl_Task_Module__root__V                                  
20001c20  xdc_runtime_Registry_Module__state__V                                
20001c28  xdc_runtime_Startup_Module__state__V                                 
20001c30  xdc_runtime_System_Module_State_0_atexitHandlers__A                  
20001c38  xdc_runtime_System_Module__state__V                                  
20001c46  ti_sysbios_family_arm_m3_Hwi_Module_State_0_excActive__A             
20001c48  main_func_sp                                                         
20001c4c  ti_sysbios_family_arm_m3_Hwi_Module_State_0_excContext__A            
20001c50  ti_sysbios_family_arm_m3_Hwi_Module_State_0_excStack__A              
20001c54  ti_sysbios_gates_GateHwi_Object__table__V                            
20001c58  ti_sysbios_knl_Task_Module_State_0_idleTask__A                       
20001c5c  xdc_runtime_Memory_Module__state__V                                  
20001c60  xdc_runtime_Error_Module__state__V                                   
20001c64  __stack                                                              
20001f64  __STACK_END                                                          
e000e000  ti_sysbios_family_arm_m3_Hwi_nvic                                    
ffffffff  __TI_pprof_out_hndl                                                  
ffffffff  __TI_prof_data_size                                                  
ffffffff  __TI_prof_data_start                                                 
ffffffff  __binit__                                                            
ffffffff  __c_args__                                                           
ffffffff  binit                                                                
UNDEFED   SHT$$INIT_ARRAY$$Base                                                
UNDEFED   SHT$$INIT_ARRAY$$Limit                                               

[553 symbols]
